 Net

 Timestamp is 4a6e6f01 (Tue Jul 28 11:22:41 2009)

 Preferred load address is 10000000

 Start         Length     Name                   Class
 0001:00000000 00025dadH .text                   CODE
 0001:00025db0 0000117aH .text$x                 CODE
 0001:00026f30 00000142H .text$yc                CODE
 0001:00027080 000000caH .text$yd                CODE
 0002:00000000 000001d0H .idata$5                DATA
 0002:000001d0 00000004H .CRT$XCA                DATA
 0002:000001d4 0000001cH .CRT$XCC                DATA
 0002:000001f0 00000014H .CRT$XCU                DATA
 0002:00000204 00000004H .CRT$XCZ                DATA
 0002:00000208 00000004H .CRT$XIA                DATA
 0002:0000020c 00000018H .CRT$XIC                DATA
 0002:00000224 00000004H .CRT$XID                DATA
 0002:00000228 00000004H .CRT$XIY                DATA
 0002:0000022c 00000004H .CRT$XIZ                DATA
 0002:00000230 00000004H .CRT$XPA                DATA
 0002:00000234 00000004H .CRT$XPX                DATA
 0002:00000238 00000004H .CRT$XPXA               DATA
 0002:0000023c 00000004H .CRT$XPZ                DATA
 0002:00000240 00000004H .CRT$XTA                DATA
 0002:00000244 00000004H .CRT$XTB                DATA
 0002:00000248 00000004H .CRT$XTZ                DATA
 0002:00000250 00003f90H .rdata                  DATA
 0002:000041e0 00000f1cH .rdata$r                DATA
 0002:00005100 00000178H .rdata$sxdata           DATA
 0002:00005278 00000004H .rtc$IAA                DATA
 0002:0000527c 00000004H .rtc$IZZ                DATA
 0002:00005280 00000004H .rtc$TAA                DATA
 0002:00005284 00000004H .rtc$TZZ                DATA
 0002:00005288 0000235cH .xdata$x                DATA
 0002:000075e4 0000003cH .idata$2                DATA
 0002:00007620 00000014H .idata$3                DATA
 0002:00007634 000001d0H .idata$4                DATA
 0002:00007804 000006ccH .idata$6                DATA
 0002:00007ed0 00000065H .edata                  DATA
 0003:00000000 00001cf8H .data                   DATA
 0003:00001d00 00002be8H .bss                    DATA

  Address         Publics by Value              Rva+Base       Lib:Object

 0000:00000000       __except_list              00000000     <absolute>
 0000:0000005e       ___safe_se_handler_count   0000005e     <absolute>
 0000:00000000       ___ImageBase               10000000     <linker-defined>
 0001:00000000       ??0CircularBuffer@@QAE@I@Z 10001000 f   CirBuffer.obj
 0001:00000030       ??1CircularBuffer@@QAE@XZ  10001030 f   CirBuffer.obj
 0001:00000040       ?Write@CircularBuffer@@QAE_NPBDI@Z 10001040 f   CirBuffer.obj
 0001:000000e0       ?Remove@CircularBuffer@@QAE_NI@Z 100010e0 f   CirBuffer.obj
 0001:00000140       ??1bad_alloc@std@@UAE@XZ   10001140 f i ClientSocket.obj
 0001:00000150       ??_Gbad_alloc@std@@UAEPAXI@Z 10001150 f i ClientSocket.obj
 0001:00000150       ??_Ebad_alloc@std@@UAEPAXI@Z 10001150 f i ClientSocket.obj
 0001:00000180       ?_Copy_s@?$char_traits@D@std@@SAPADPADIPBDI@Z 10001180 f i ClientSocket.obj
 0001:000001b0       ??3CSocket@net@@SAXPAX@Z   100011b0 f i ClientSocket.obj
 0001:000001c0       ?Close@CClientSocket@net@@UAEXXZ 100011c0 f   ClientSocket.obj
 0001:000001e0       ?SendMsg@CClientSocket@net@@UAE_NPBXH@Z 100011e0 f   ClientSocket.obj
 0001:00000230       ?Process@CClientSocket@net@@UAEXXZ 10001230 f   ClientSocket.obj
 0001:000003b0       ?QueryEncryptor@CClientSocket@net@@UAEPAVIEncryptor@2@W4ENCRYPTOR_TYPE@2@@Z 100013b0 f   ClientSocket.obj
 0001:000003e0       ?GetBufByteNum@CClientSocket@net@@UAEIXZ 100013e0 f   ClientSocket.obj
 0001:000003f0       ?ChgEncryptor@CClientSocket@net@@UAEXW4ENCRYPTOR_TYPE@2@PAVIEncryptor@2@@Z 100013f0 f   ClientSocket.obj
 0001:000005d0       ?_Eos@?$basic_string@DU?$char_traits@D@std@@V?$allocator@D@2@@std@@IAEXI@Z 100015d0 f i ClientSocket.obj
 0001:000005f0       ??$_Allocate@D@std@@YAPADIPAD@Z 100015f0 f i ClientSocket.obj
 0001:00000650       ??0bad_alloc@std@@QAE@ABV01@@Z 10001650 f i ClientSocket.obj
 0001:00000670       ?_Tidy@?$basic_string@DU?$char_traits@D@std@@V?$allocator@D@2@@std@@IAEX_NI@Z 10001670 f i ClientSocket.obj
 0001:000006c0       ?erase@?$basic_string@DU?$char_traits@D@std@@V?$allocator@D@2@@std@@QAEAAV12@II@Z 100016c0 f i ClientSocket.obj
 0001:00000750       ?_Copy@?$basic_string@DU?$char_traits@D@std@@V?$allocator@D@2@@std@@IAEXII@Z 10001750 f i ClientSocket.obj
 0001:000008a0       ??1?$basic_string@DU?$char_traits@D@std@@V?$allocator@D@2@@std@@QAE@XZ 100018a0 f i ClientSocket.obj
 0001:000008a0       ??1?$pair@$$CBV?$basic_string@DU?$char_traits@D@std@@V?$allocator@D@2@@std@@PAVCServe@serve@@@std@@QAE@XZ 100018a0 f i KernelImpl.obj
 0001:000008d0       ?_Grow@?$basic_string@DU?$char_traits@D@std@@V?$allocator@D@2@@std@@IAE_NI_N@Z 100018d0 f i ClientSocket.obj
 0001:00000990       ??0CClientSocket@net@@QAE@AAVIClientSocketEvent@1@PAVIEncryptor@1@1@Z 10001990 f   ClientSocket.obj
 0001:000009e0       ?Release@CClientSocket@net@@UAEKXZ 100019e0 f i ClientSocket.obj
 0001:000009f0       ??1CClientSocket@net@@UAE@XZ 100019f0 f   ClientSocket.obj
 0001:00000b10       ?assign@?$basic_string@DU?$char_traits@D@std@@V?$allocator@D@2@@std@@QAEAAV12@ABV12@II@Z 10001b10 f i ClientSocket.obj
 0001:00000bf0       ?assign@?$basic_string@DU?$char_traits@D@std@@V?$allocator@D@2@@std@@QAEAAV12@PBDI@Z 10001bf0 f i ClientSocket.obj
 0001:00000cc0       ??_GCClientSocket@net@@UAEPAXI@Z 10001cc0 f i ClientSocket.obj
 0001:00000cc0       ??_ECClientSocket@net@@UAEPAXI@Z 10001cc0 f i ClientSocket.obj
 0001:00000ce0       ??4?$basic_string@DU?$char_traits@D@std@@V?$allocator@D@2@@std@@QAEAAV01@PBD@Z 10001ce0 f i ClientSocket.obj
 0001:00000ce0       ?assign@?$basic_string@DU?$char_traits@D@std@@V?$allocator@D@2@@std@@QAEAAV12@PBD@Z 10001ce0 f i ClientSocket.obj
 0001:00000d10       ?Init@CClientSocket@net@@QAE_NPBDHK@Z 10001d10 f   ClientSocket.obj
 0001:00001050       ?ClientSocketCreate@net@@YAPAVIClientSocket@1@AAVIClientSocketEvent@1@PBDHKPAVIEncryptor@1@2@Z 10002050 f   ClientSocket.obj
 0001:000011f0       ?compare@?$char_traits@D@std@@SAHPBD0I@Z 100021f0 f i KernelImpl.obj
 0001:00001280       ?Init@CKernelImpl@serve@@UAE_NXZ 10002280 f   KernelImpl.obj
 0001:000012a0       ?QueryShellPort@CKernelImpl@serve@@UBEPAVIPort@2@XZ 100022a0 f   KernelImpl.obj
 0001:000012e0       ?UpdateInitInfo@CKernelImpl@serve@@IAEXPBD@Z 100022e0 f   KernelImpl.obj
 0001:00001330       ?_Max@?$_Tree@V?$_Tmap_traits@GPAVCServe@serve@@U?$less@G@std@@V?$allocator@U?$pair@$$CBGPAVCServe@serve@@@std@@@4@$0A@@std@@@std@@KAPAU_Node@?$_Tree_nod@V?$_Tmap_traits@GPAVCServe@serve@@U?$less@G@std@@V?$allocator@U?$pair@$$CBGPAVCServe@serve@@@std@@@4@$0A@@std@@@2@PAU342@@Z 10002330 f i KernelImpl.obj
 0001:00001330       ?_Max@?$_Tree@V?$_Tmap_traits@IW4PORT@serve@@U?$less@I@std@@V?$allocator@U?$pair@$$CBIW4PORT@serve@@@std@@@4@$0A@@std@@@std@@KAPAU_Node@?$_Tree_nod@V?$_Tmap_traits@IW4PORT@serve@@U?$less@I@std@@V?$allocator@U?$pair@$$CBIW4PORT@serve@@@std@@@4@$0A@@std@@@2@PAU342@@Z 10002330 f i NetServeImpl.obj
 0001:00001330       ?_Max@?$_Tree@V?$_Tmap_traits@IPAVCSocket@net@@U?$less@I@std@@V?$allocator@U?$pair@$$CBIPAVCSocket@net@@@std@@@4@$0A@@std@@@std@@KAPAU_Node@?$_Tree_nod@V?$_Tmap_traits@IPAVCSocket@net@@U?$less@I@std@@V?$allocator@U?$pair@$$CBIPAVCSocket@net@@@std@@@4@$0A@@std@@@2@PAU342@@Z 10002330 f i ServeSocket.obj
 0001:00001350       ?_Rrotate@?$_Tree@V?$_Tmap_traits@IW4PORT@serve@@U?$less@I@std@@V?$allocator@U?$pair@$$CBIW4PORT@serve@@@std@@@4@$0A@@std@@@std@@IAEXPAU_Node@?$_Tree_nod@V?$_Tmap_traits@IW4PORT@serve@@U?$less@I@std@@V?$allocator@U?$pair@$$CBIW4PORT@serve@@@std@@@4@$0A@@std@@@2@@Z 10002350 f i NetServeImpl.obj
 0001:00001350       ?_Rrotate@?$_Tree@V?$_Tmap_traits@GPAVCServe@serve@@U?$less@G@std@@V?$allocator@U?$pair@$$CBGPAVCServe@serve@@@std@@@4@$0A@@std@@@std@@IAEXPAU_Node@?$_Tree_nod@V?$_Tmap_traits@GPAVCServe@serve@@U?$less@G@std@@V?$allocator@U?$pair@$$CBGPAVCServe@serve@@@std@@@4@$0A@@std@@@2@@Z 10002350 f i KernelImpl.obj
 0001:00001350       ?_Rrotate@?$_Tree@V?$_Tmap_traits@IPAVCSocket@net@@U?$less@I@std@@V?$allocator@U?$pair@$$CBIPAVCSocket@net@@@std@@@4@$0A@@std@@@std@@IAEXPAU_Node@?$_Tree_nod@V?$_Tmap_traits@IPAVCSocket@net@@U?$less@I@std@@V?$allocator@U?$pair@$$CBIPAVCSocket@net@@@std@@@4@$0A@@std@@@2@@Z 10002350 f i ServeSocket.obj
 0001:000013b0       ?_Min@?$_Tree@V?$_Tmap_traits@KV?$basic_string@DU?$char_traits@D@std@@V?$allocator@D@2@@std@@U?$less@K@2@V?$allocator@U?$pair@$$CBKV?$basic_string@DU?$char_traits@D@std@@V?$allocator@D@2@@std@@@std@@@2@$0A@@std@@@std@@KAPAU_Node@?$_Tree_nod@V?$_Tmap_traits@KV?$basic_string@DU?$char_traits@D@std@@V?$allocator@D@2@@std@@U?$less@K@2@V?$allocator@U?$pair@$$CBKV?$basic_string@DU?$char_traits@D@std@@V?$allocator@D@2@@std@@@std@@@2@$0A@@std@@@2@PAU342@@Z 100023b0 f i base:SvrBase.obj
 0001:000013b0       ?_Min@?$_Tree@V?$_Tmap_traits@V?$basic_string@DU?$char_traits@D@std@@V?$allocator@D@2@@std@@PAVCServe@serve@@U?$less@V?$basic_string@DU?$char_traits@D@std@@V?$allocator@D@2@@std@@@2@V?$allocator@U?$pair@$$CBV?$basic_string@DU?$char_traits@D@std@@V?$allocator@D@2@@std@@PAVCServe@serve@@@std@@@2@$0A@@std@@@std@@KAPAU_Node@?$_Tree_nod@V?$_Tmap_traits@V?$basic_string@DU?$char_traits@D@std@@V?$allocator@D@2@@std@@PAVCServe@serve@@U?$less@V?$basic_string@DU?$char_traits@D@std@@V?$allocator@D@2@@std@@@2@V?$allocator@U?$pair@$$CBV?$basic_string@DU?$char_traits@D@std@@V?$allocator@D@2@@std@@PAVCServe@serve@@@std@@@2@$0A@@std@@@2@PAU342@@Z 100023b0 f i KernelImpl.obj
 0001:000013d0       ?_Dec@const_iterator@?$_Tree@V?$_Tmap_traits@V?$basic_string@DU?$char_traits@D@std@@V?$allocator@D@2@@std@@PAVCServe@serve@@U?$less@V?$basic_string@DU?$char_traits@D@std@@V?$allocator@D@2@@std@@@2@V?$allocator@U?$pair@$$CBV?$basic_string@DU?$char_traits@D@std@@V?$allocator@D@2@@std@@PAVCServe@serve@@@std@@@2@$0A@@std@@@std@@QAEXXZ 100023d0 f i KernelImpl.obj
 0001:00001460       ??$sprintf_s@$0CAA@@@YAHAAY0CAA@DPBDZZ 10002460 f i KernelImpl.obj
 0001:00001480       ??$sprintf_s@$0EAA@@@YAHAAY0EAA@DPBDZZ 10002480 f i KernelImpl.obj
 0001:000014a0       ?InitRouter@CKernelImpl@serve@@MAE_NXZ 100024a0 f   KernelImpl.obj
 0001:00001570       ?compare@?$basic_string@DU?$char_traits@D@std@@V?$allocator@D@2@@std@@QBEHIIPBDI@Z 10002570 f i KernelImpl.obj
 0001:000015e0       ?CloseSocket@CKernelImpl@serve@@UAEXI@Z 100025e0 f   KernelImpl.obj
 0001:00001650       ??$_Distance2@Viterator@?$_Tree@V?$_Tmap_traits@V?$basic_string@DU?$char_traits@D@std@@V?$allocator@D@2@@std@@PAVCServe@serve@@U?$less@V?$basic_string@DU?$char_traits@D@std@@V?$allocator@D@2@@std@@@2@V?$allocator@U?$pair@$$CBV?$basic_string@DU?$char_traits@D@std@@V?$allocator@D@2@@std@@PAVCServe@serve@@@std@@@2@$0A@@std@@@std@@I@std@@YAXViterator@?$_Tree@V?$_Tmap_traits@V?$basic_string@DU?$char_traits@D@std@@V?$allocator@D@2@@std@@PAVCServe@serve@@U?$less@V?$basic_string@DU?$char_traits@D@std@@V?$allocator@D@2@@std@@@2@V?$allocator@U?$pair@$$CBV?$basic_string@DU?$char_traits@D@std@@V?$allocator@D@2@@std@@PAVCServe@serve@@@std@@@2@$0A@@std@@@0@0AAIUbidirectional_iterator_tag@0@@Z 10002650 f i KernelImpl.obj
 0001:00001690       ?append@?$basic_string@DU?$char_traits@D@std@@V?$allocator@D@2@@std@@QAEAAV12@ABV12@II@Z 10002690 f i KernelImpl.obj
 0001:00001790       ?_Lbound@?$_Tree@V?$_Tmap_traits@V?$basic_string@DU?$char_traits@D@std@@V?$allocator@D@2@@std@@PAVCServe@serve@@U?$less@V?$basic_string@DU?$char_traits@D@std@@V?$allocator@D@2@@std@@@2@V?$allocator@U?$pair@$$CBV?$basic_string@DU?$char_traits@D@std@@V?$allocator@D@2@@std@@PAVCServe@serve@@@std@@@2@$0A@@std@@@std@@IBEPAU_Node@?$_Tree_nod@V?$_Tmap_traits@V?$basic_string@DU?$char_traits@D@std@@V?$allocator@D@2@@std@@PAVCServe@serve@@U?$less@V?$basic_string@DU?$char_traits@D@std@@V?$allocator@D@2@@std@@@2@V?$allocator@U?$pair@$$CBV?$basic_string@DU?$char_traits@D@std@@V?$allocator@D@2@@std@@PAVCServe@serve@@@std@@@2@$0A@@std@@@2@ABV?$basic_string@DU?$char_traits@D@std@@V?$allocator@D@2@@2@@Z 10002790 f i KernelImpl.obj
 0001:00001820       ?_Ubound@?$_Tree@V?$_Tmap_traits@V?$basic_string@DU?$char_traits@D@std@@V?$allocator@D@2@@std@@PAVCServe@serve@@U?$less@V?$basic_string@DU?$char_traits@D@std@@V?$allocator@D@2@@std@@@2@V?$allocator@U?$pair@$$CBV?$basic_string@DU?$char_traits@D@std@@V?$allocator@D@2@@std@@PAVCServe@serve@@@std@@@2@$0A@@std@@@std@@IBEPAU_Node@?$_Tree_nod@V?$_Tmap_traits@V?$basic_string@DU?$char_traits@D@std@@V?$allocator@D@2@@std@@PAVCServe@serve@@U?$less@V?$basic_string@DU?$char_traits@D@std@@V?$allocator@D@2@@std@@@2@V?$allocator@U?$pair@$$CBV?$basic_string@DU?$char_traits@D@std@@V?$allocator@D@2@@std@@PAVCServe@serve@@@std@@@2@$0A@@std@@@2@ABV?$basic_string@DU?$char_traits@D@std@@V?$allocator@D@2@@2@@Z 10002820 f i KernelImpl.obj
 0001:000018c0       ?what@logic_error@std@@UBEPBDXZ 100028c0 f i KernelImpl.obj
 0001:000018c0       ?what@runtime_error@std@@UBEPBDXZ 100028c0 f i ListenSocket.obj
 0001:000018d0       ?find@?$_Tree@V?$_Tmap_traits@GPAVCServe@serve@@U?$less@G@std@@V?$allocator@U?$pair@$$CBGPAVCServe@serve@@@std@@@4@$0A@@std@@@std@@QAE?AViterator@12@ABG@Z 100028d0 f i KernelImpl.obj
 0001:00001940       ?append@?$basic_string@DU?$char_traits@D@std@@V?$allocator@D@2@@std@@QAEAAV12@PBDI@Z 10002940 f i KernelImpl.obj
 0001:00001a30       ??0logic_error@std@@QAE@ABV?$basic_string@DU?$char_traits@D@std@@V?$allocator@D@2@@1@@Z 10002a30 f i KernelImpl.obj
 0001:00001aa0       ??1length_error@std@@UAE@XZ 10002aa0 f i KernelImpl.obj
 0001:00001aa0       ??1out_of_range@std@@UAE@XZ 10002aa0 f i KernelImpl.obj
 0001:00001ae0       ??_Elength_error@std@@UAEPAXI@Z 10002ae0 f i KernelImpl.obj
 0001:00001ae0       ??_Gout_of_range@std@@UAEPAXI@Z 10002ae0 f i KernelImpl.obj
 0001:00001ae0       ??_Glength_error@std@@UAEPAXI@Z 10002ae0 f i KernelImpl.obj
 0001:00001ae0       ??_Glogic_error@std@@UAEPAXI@Z 10002ae0 f i KernelImpl.obj
 0001:00001ae0       ??_Eout_of_range@std@@UAEPAXI@Z 10002ae0 f i KernelImpl.obj
 0001:00001ae0       ??_Elogic_error@std@@UAEPAXI@Z 10002ae0 f i KernelImpl.obj
 0001:00001b30       ??0?$basic_string@DU?$char_traits@D@std@@V?$allocator@D@2@@std@@QAE@PBD@Z 10002b30 f i KernelImpl.obj
 0001:00001b70       ??0logic_error@std@@QAE@ABV01@@Z 10002b70 f i KernelImpl.obj
 0001:00001bf0       ??0length_error@std@@QAE@ABV01@@Z 10002bf0 f i KernelImpl.obj
 0001:00001c10       ?_Xlen@?$vector@PAVCServe@serve@@V?$allocator@PAVCServe@serve@@@std@@@std@@KAXXZ 10002c10 f i KernelImpl.obj
 0001:00001c10       ?_Xlen@?$vector@PAVCRouterPort@serve@@V?$allocator@PAVCRouterPort@serve@@@std@@@std@@KAXXZ 10002c10 f i MsgRouter.obj
 0001:00001c10       ?_Xlen@?$vector@PAVCMsg@sbase@@V?$allocator@PAVCMsg@sbase@@@std@@@std@@KAXXZ 10002c10 f i NetClient.obj
 0001:00001c90       ??0_Node@?$_Tree_nod@V?$_Tmap_traits@V?$basic_string@DU?$char_traits@D@std@@V?$allocator@D@2@@std@@PAVCServe@serve@@U?$less@V?$basic_string@DU?$char_traits@D@std@@V?$allocator@D@2@@std@@@2@V?$allocator@U?$pair@$$CBV?$basic_string@DU?$char_traits@D@std@@V?$allocator@D@2@@std@@PAVCServe@serve@@@std@@@2@$0A@@std@@@std@@QAE@PAU012@00ABU?$pair@$$CBV?$basic_string@DU?$char_traits@D@std@@V?$allocator@D@2@@std@@PAVCServe@serve@@@2@D@Z 10002c90 f i KernelImpl.obj
 0001:00001cf0       ??0out_of_range@std@@QAE@ABV01@@Z 10002cf0 f i KernelImpl.obj
 0001:00001d10       ?RunServes@CKernelImpl@serve@@MAE_NXZ 10002d10 f   KernelImpl.obj
 0001:00002070       ?DestroyServes@CKernelImpl@serve@@MAEXXZ 10003070 f   KernelImpl.obj
 0001:000022a0       ?insert@?$_Tree@V?$_Tmap_traits@GPAVCServe@serve@@U?$less@G@std@@V?$allocator@U?$pair@$$CBGPAVCServe@serve@@@std@@@4@$0A@@std@@@std@@QAE?AU?$pair@Viterator@?$_Tree@V?$_Tmap_traits@GPAVCServe@serve@@U?$less@G@std@@V?$allocator@U?$pair@$$CBGPAVCServe@serve@@@std@@@4@$0A@@std@@@std@@_N@2@ABU?$pair@$$CBGPAVCServe@serve@@@2@@Z 100032a0 f i KernelImpl.obj
 0001:00002360       ?_Insert_n@?$vector@PAVCRouterPort@serve@@V?$allocator@PAVCRouterPort@serve@@@std@@@std@@IAEXV?$_Vector_iterator@PAVCRouterPort@serve@@V?$allocator@PAVCRouterPort@serve@@@std@@@2@IABQAVCRouterPort@serve@@@Z 10003360 f i MsgRouter.obj
 0001:00002360       ?_Insert_n@?$vector@PAVCServe@serve@@V?$allocator@PAVCServe@serve@@@std@@@std@@IAEXV?$_Vector_iterator@PAVCServe@serve@@V?$allocator@PAVCServe@serve@@@std@@@2@IABQAVCServe@serve@@@Z 10003360 f i KernelImpl.obj
 0001:00002360       ?_Insert_n@?$vector@PAVCMsg@sbase@@V?$allocator@PAVCMsg@sbase@@@std@@@std@@IAEXV?$_Vector_iterator@PAVCMsg@sbase@@V?$allocator@PAVCMsg@sbase@@@std@@@2@IABQAVCMsg@sbase@@@Z 10003360 f i NetClient.obj
 0001:00002520       ?_Buynode@?$_Tree@V?$_Tmap_traits@V?$basic_string@DU?$char_traits@D@std@@V?$allocator@D@2@@std@@PAVCServe@serve@@U?$less@V?$basic_string@DU?$char_traits@D@std@@V?$allocator@D@2@@std@@@2@V?$allocator@U?$pair@$$CBV?$basic_string@DU?$char_traits@D@std@@V?$allocator@D@2@@std@@PAVCServe@serve@@@std@@@2@$0A@@std@@@std@@IAEPAU_Node@?$_Tree_nod@V?$_Tmap_traits@V?$basic_string@DU?$char_traits@D@std@@V?$allocator@D@2@@std@@PAVCServe@serve@@U?$less@V?$basic_string@DU?$char_traits@D@std@@V?$allocator@D@2@@std@@@2@V?$allocator@U?$pair@$$CBV?$basic_string@DU?$char_traits@D@std@@V?$allocator@D@2@@std@@PAVCServe@serve@@@std@@@2@$0A@@std@@@2@PAU342@00ABU?$pair@$$CBV?$basic_string@DU?$char_traits@D@std@@V?$allocator@D@2@@std@@PAVCServe@serve@@@2@D@Z 10003520 f i KernelImpl.obj
 0001:000025c0       ?insert@?$vector@PAVCMsg@sbase@@V?$allocator@PAVCMsg@sbase@@@std@@@std@@QAE?AV?$_Vector_iterator@PAVCMsg@sbase@@V?$allocator@PAVCMsg@sbase@@@std@@@2@V32@ABQAVCMsg@sbase@@@Z 100035c0 f i NetClient.obj
 0001:000025c0       ?insert@?$vector@PAVCRouterPort@serve@@V?$allocator@PAVCRouterPort@serve@@@std@@@std@@QAE?AV?$_Vector_iterator@PAVCRouterPort@serve@@V?$allocator@PAVCRouterPort@serve@@@std@@@2@V32@ABQAVCRouterPort@serve@@@Z 100035c0 f i MsgRouter.obj
 0001:000025c0       ?insert@?$vector@PAVCServe@serve@@V?$allocator@PAVCServe@serve@@@std@@@std@@QAE?AV?$_Vector_iterator@PAVCServe@serve@@V?$allocator@PAVCServe@serve@@@std@@@2@V32@ABQAVCServe@serve@@@Z 100035c0 f i KernelImpl.obj
 0001:00002650       ?_Insert@?$_Tree@V?$_Tmap_traits@V?$basic_string@DU?$char_traits@D@std@@V?$allocator@D@2@@std@@PAVCServe@serve@@U?$less@V?$basic_string@DU?$char_traits@D@std@@V?$allocator@D@2@@std@@@2@V?$allocator@U?$pair@$$CBV?$basic_string@DU?$char_traits@D@std@@V?$allocator@D@2@@std@@PAVCServe@serve@@@std@@@2@$0A@@std@@@std@@IAE?AViterator@12@_NPAU_Node@?$_Tree_nod@V?$_Tmap_traits@V?$basic_string@DU?$char_traits@D@std@@V?$allocator@D@2@@std@@PAVCServe@serve@@U?$less@V?$basic_string@DU?$char_traits@D@std@@V?$allocator@D@2@@std@@@2@V?$allocator@U?$pair@$$CBV?$basic_string@DU?$char_traits@D@std@@V?$allocator@D@2@@std@@PAVCServe@serve@@@std@@@2@$0A@@std@@@2@ABU?$pair@$$CBV?$basic_string@DU?$char_traits@D@std@@V?$allocator@D@2@@std@@PAVCServe@serve@@@2@@Z 10003650 f i KernelImpl.obj
 0001:00002850       ?erase@?$_Tree@V?$_Tmap_traits@V?$basic_string@DU?$char_traits@D@std@@V?$allocator@D@2@@std@@PAVCServe@serve@@U?$less@V?$basic_string@DU?$char_traits@D@std@@V?$allocator@D@2@@std@@@2@V?$allocator@U?$pair@$$CBV?$basic_string@DU?$char_traits@D@std@@V?$allocator@D@2@@std@@PAVCServe@serve@@@std@@@2@$0A@@std@@@std@@QAE?AViterator@12@V312@@Z 10003850 f i KernelImpl.obj
 0001:00002b40       ?_Erase@?$_Tree@V?$_Tmap_traits@V?$basic_string@DU?$char_traits@D@std@@V?$allocator@D@2@@std@@PAVCServe@serve@@U?$less@V?$basic_string@DU?$char_traits@D@std@@V?$allocator@D@2@@std@@@2@V?$allocator@U?$pair@$$CBV?$basic_string@DU?$char_traits@D@std@@V?$allocator@D@2@@std@@PAVCServe@serve@@@std@@@2@$0A@@std@@@std@@IAEXPAU_Node@?$_Tree_nod@V?$_Tmap_traits@V?$basic_string@DU?$char_traits@D@std@@V?$allocator@D@2@@std@@PAVCServe@serve@@U?$less@V?$basic_string@DU?$char_traits@D@std@@V?$allocator@D@2@@std@@@2@V?$allocator@U?$pair@$$CBV?$basic_string@DU?$char_traits@D@std@@V?$allocator@D@2@@std@@PAVCServe@serve@@@std@@@2@$0A@@std@@@2@@Z 10003b40 f i KernelImpl.obj
 0001:00002ba0       ?push_back@?$vector@PAVCMsg@sbase@@V?$allocator@PAVCMsg@sbase@@@std@@@std@@QAEXABQAVCMsg@sbase@@@Z 10003ba0 f i NetClient.obj
 0001:00002ba0       ?push_back@?$vector@PAVCServe@serve@@V?$allocator@PAVCServe@serve@@@std@@@std@@QAEXABQAVCServe@serve@@@Z 10003ba0 f i KernelImpl.obj
 0001:00002c10       ?insert@?$_Tree@V?$_Tmap_traits@V?$basic_string@DU?$char_traits@D@std@@V?$allocator@D@2@@std@@PAVCServe@serve@@U?$less@V?$basic_string@DU?$char_traits@D@std@@V?$allocator@D@2@@std@@@2@V?$allocator@U?$pair@$$CBV?$basic_string@DU?$char_traits@D@std@@V?$allocator@D@2@@std@@PAVCServe@serve@@@std@@@2@$0A@@std@@@std@@QAE?AU?$pair@Viterator@?$_Tree@V?$_Tmap_traits@V?$basic_string@DU?$char_traits@D@std@@V?$allocator@D@2@@std@@PAVCServe@serve@@U?$less@V?$basic_string@DU?$char_traits@D@std@@V?$allocator@D@2@@std@@@2@V?$allocator@U?$pair@$$CBV?$basic_string@DU?$char_traits@D@std@@V?$allocator@D@2@@std@@PAVCServe@serve@@@std@@@2@$0A@@std@@@std@@_N@2@ABU?$pair@$$CBV?$basic_string@DU?$char_traits@D@std@@V?$allocator@D@2@@std@@PAVCServe@serve@@@2@@Z 10003c10 f i KernelImpl.obj
 0001:00002d40       ?RegisterServe@CKernelImpl@serve@@QAE_NPAVIServe@2@PAUHINSTANCE__@@@Z 10003d40 f   KernelImpl.obj
 0001:00002ee0       ?erase@?$_Tree@V?$_Tmap_traits@V?$basic_string@DU?$char_traits@D@std@@V?$allocator@D@2@@std@@PAVCServe@serve@@U?$less@V?$basic_string@DU?$char_traits@D@std@@V?$allocator@D@2@@std@@@2@V?$allocator@U?$pair@$$CBV?$basic_string@DU?$char_traits@D@std@@V?$allocator@D@2@@std@@PAVCServe@serve@@@std@@@2@$0A@@std@@@std@@QAE?AViterator@12@V312@0@Z 10003ee0 f i KernelImpl.obj
 0001:00002fb0       ?InitServe@CKernelImpl@serve@@MAE_NXZ 10003fb0 f   KernelImpl.obj
 0001:00003110       ?erase@?$_Tree@V?$_Tmap_traits@V?$basic_string@DU?$char_traits@D@std@@V?$allocator@D@2@@std@@PAVCServe@serve@@U?$less@V?$basic_string@DU?$char_traits@D@std@@V?$allocator@D@2@@std@@@2@V?$allocator@U?$pair@$$CBV?$basic_string@DU?$char_traits@D@std@@V?$allocator@D@2@@std@@PAVCServe@serve@@@std@@@2@$0A@@std@@@std@@QAEIABV?$basic_string@DU?$char_traits@D@std@@V?$allocator@D@2@@2@@Z 10004110 f i KernelImpl.obj
 0001:00003180       ??1?$map@V?$basic_string@DU?$char_traits@D@std@@V?$allocator@D@2@@std@@PAVCServe@serve@@U?$less@V?$basic_string@DU?$char_traits@D@std@@V?$allocator@D@2@@std@@@2@V?$allocator@U?$pair@$$CBV?$basic_string@DU?$char_traits@D@std@@V?$allocator@D@2@@std@@PAVCServe@serve@@@std@@@2@@std@@QAE@XZ 10004180 f i KernelImpl.obj
 0001:000031c0       ?UnRegisterServe@CKernelImpl@serve@@QAE_NPAVCServe@2@@Z 100041c0 f   KernelImpl.obj
 0001:00003300       ??0CKernelImpl@serve@@IAE@XZ 10004300 f   KernelImpl.obj
 0001:000033b0       ?Release@CKernelImpl@serve@@UAEGXZ 100043b0 f i KernelImpl.obj
 0001:000033d0       ??1CKernelImpl@serve@@MAE@XZ 100043d0 f   KernelImpl.obj
 0001:00003660       ?GetInstance@CKernelImpl@serve@@SAPAV12@XZ 10004660 f   KernelImpl.obj
 0001:000036e0       ??_ECKernelImpl@serve@@MAEPAXI@Z 100046e0 f i KernelImpl.obj
 0001:000036e0       ??_GCKernelImpl@serve@@MAEPAXI@Z 100046e0 f i KernelImpl.obj
 0001:00003700       _NetServiceCreate          10004700 f   KernelImpl.obj
 0001:00003800       ?Detect@CListenSocket@net@@IAEHI@Z 10004800 f   ListenSocket.obj
 0001:00003870       ??1_Sentry_base@?$basic_ostream@DU?$char_traits@D@std@@@std@@QAE@XZ 10004870 f i ListenSocket.obj
 0001:00003890       ?_Buynode@?$list@IV?$allocator@I@std@@@std@@IAEPAU_Node@?$_List_nod@IV?$allocator@I@std@@@2@PAU342@0ABI@Z 10004890 f i ListenSocket.obj
 0001:00003890       ?_Buynode@?$list@PAVIMessage@sbase@@V?$allocator@PAVIMessage@sbase@@@std@@@std@@IAEPAU_Node@?$_List_nod@PAVIMessage@sbase@@V?$allocator@PAVIMessage@sbase@@@std@@@2@PAU342@0ABQAVIMessage@sbase@@@Z 10004890 f i RouterPort.obj
 0001:000038d0       ?erase@?$list@PAVIMessage@sbase@@V?$allocator@PAVIMessage@sbase@@@std@@@std@@QAE?AV?$_Iterator@$00@12@V312@@Z 100048d0 f i RouterPort.obj
 0001:000038d0       ?erase@?$list@IV?$allocator@I@std@@@std@@QAE?AV?$_Iterator@$00@12@V312@@Z 100048d0 f i ListenSocket.obj
 0001:00003930       ??_Gfailure@ios_base@std@@UAEPAXI@Z 10004930 f i ListenSocket.obj
 0001:00003930       ??_Gruntime_error@std@@UAEPAXI@Z 10004930 f i ListenSocket.obj
 0001:00003930       ??_Eruntime_error@std@@UAEPAXI@Z 10004930 f i ListenSocket.obj
 0001:00003930       ??_Efailure@ios_base@std@@UAEPAXI@Z 10004930 f i ListenSocket.obj
 0001:00003980       ?Close@CListenSocket@net@@QAEXXZ 10004980 f   ListenSocket.obj
 0001:00003a10       ?Listen@CListenSocket@net@@QAE_NHPADHH@Z 10004a10 f   ListenSocket.obj
 0001:00003bc0       ??0runtime_error@std@@QAE@ABV?$basic_string@DU?$char_traits@D@std@@V?$allocator@D@2@@1@@Z 10004bc0 f i ListenSocket.obj
 0001:00003c30       ??1runtime_error@std@@UAE@XZ 10004c30 f i ListenSocket.obj
 0001:00003c30       ??1failure@ios_base@std@@UAE@XZ 10004c30 f i ListenSocket.obj
 0001:00003c70       ?clear@ios_base@std@@QAEXH_N@Z 10004c70 f i ListenSocket.obj
 0001:00003da0       ??0runtime_error@std@@QAE@ABV01@@Z 10004da0 f i ListenSocket.obj
 0001:00003e20       ??0failure@ios_base@std@@QAE@ABV012@@Z 10004e20 f i ListenSocket.obj
 0001:00003e40       ?clear@?$basic_ios@DU?$char_traits@D@std@@@std@@QAEXH_N@Z 10004e40 f i ListenSocket.obj
 0001:00003e60       ?push_back@?$list@IV?$allocator@I@std@@@std@@QAEXABI@Z 10004e60 f i ListenSocket.obj
 0001:00003ea0       ?flush@?$basic_ostream@DU?$char_traits@D@std@@@std@@QAEAAV12@XZ 10004ea0 f i ListenSocket.obj
 0001:00003ef0       ??0sentry@?$basic_ostream@DU?$char_traits@D@std@@@std@@QAE@AAV12@@Z 10004ef0 f i ListenSocket.obj
 0001:00003f80       ?_Osfx@?$basic_ostream@DU?$char_traits@D@std@@@std@@QAEXXZ 10004f80 f i ListenSocket.obj
 0001:00003fe0       ??1sentry@?$basic_ostream@DU?$char_traits@D@std@@@std@@QAE@XZ 10004fe0 f i ListenSocket.obj
 0001:00004050       ??$?6U?$char_traits@D@std@@@std@@YAAAV?$basic_ostream@DU?$char_traits@D@std@@@0@AAV10@PBD@Z 10005050 f i ListenSocket.obj
 0001:00004260       ?put@?$basic_ostream@DU?$char_traits@D@std@@@std@@QAEAAV12@D@Z 10005260 f i ListenSocket.obj
 0001:00004380       ?Accept@CListenSocket@net@@QAEIXZ 10005380 f   ListenSocket.obj
 0001:00004530       ??1CCriticalSection@sbase@@UAE@XZ 10005530 f i MsgRouter.obj
 0001:00004550       ?Lock@CCriticalSection@sbase@@UAEXXZ 10005550 f i MsgRouter.obj
 0001:00004560       ?Unlock@CCriticalSection@sbase@@UAEXXZ 10005560 f i MsgRouter.obj
 0001:00004570       ??_ECCriticalSection@sbase@@UAEPAXI@Z 10005570 f i MsgRouter.obj
 0001:00004570       ??_GCCriticalSection@sbase@@UAEPAXI@Z 10005570 f i MsgRouter.obj
 0001:000045a0       ??3CRouterPort@serve@@SAXPAX@Z 100055a0 f i MsgRouter.obj
 0001:000045b0       ?Release@CMsgRouter@serve@@QAEKXZ 100055b0 f   MsgRouter.obj
 0001:000045c0       ??A?$vector@PAVCRouterPort@serve@@V?$allocator@PAVCRouterPort@serve@@@std@@@std@@QAEAAPAVCRouterPort@serve@@I@Z 100055c0 f i MsgRouter.obj
 0001:000045f0       ??$_Allocate@PAVCServe@serve@@@std@@YAPAPAVCServe@serve@@IPAPAV12@@Z 100055f0 f i KernelImpl.obj
 0001:000045f0       ??$_Allocate@PAVCMsg@sbase@@@std@@YAPAPAVCMsg@sbase@@IPAPAV12@@Z 100055f0 f i NetClient.obj
 0001:000045f0       ??$_Allocate@PAVCRouterPort@serve@@@std@@YAPAPAVCRouterPort@serve@@IPAPAV12@@Z 100055f0 f i MsgRouter.obj
 0001:00004650       ?PushMsg@CMsgRouter@serve@@IAE_NKAAVIMessage@sbase@@@Z 10005650 f   MsgRouter.obj
 0001:00004760       ?PushOutMsg@CMsgRouter@serve@@QAE_NKAAVIMessage@sbase@@@Z 10005760 f   MsgRouter.obj
 0001:00004870       ?DispatchMsg@CMsgRouter@serve@@QAE_NKKAAVIMessage@sbase@@@Z 10005870 f   MsgRouter.obj
 0001:00004900       ?DispatchOutMsg@CMsgRouter@serve@@QAE_NKKAAVIMessage@sbase@@@Z 10005900 f   MsgRouter.obj
 0001:00004990       ?QueryPort@CMsgRouter@serve@@UBEPAVIPort@2@K@Z 10005990 f   MsgRouter.obj
 0001:00004a00       ?_Buynode@?$list@PAVIMessage@sbase@@V?$allocator@PAVIMessage@sbase@@@std@@@std@@IAEPAU_Node@?$_List_nod@PAVIMessage@sbase@@V?$allocator@PAVIMessage@sbase@@@std@@@2@XZ 10005a00 f i MsgRouter.obj
 0001:00004a00       ?_Buynode@?$list@IV?$allocator@I@std@@@std@@IAEPAU_Node@?$_List_nod@IV?$allocator@I@std@@@2@XZ 10005a00 f i ServeSocket.obj
 0001:00004a20       ??$fill@PAPAVCMsg@sbase@@PAV12@@std@@YAXPAPAVCMsg@sbase@@0ABQAV12@@Z 10005a20 f i NetClient.obj
 0001:00004a20       ??$fill@PAPAVCRouterPort@serve@@PAV12@@std@@YAXPAPAVCRouterPort@serve@@0ABQAV12@@Z 10005a20 f i MsgRouter.obj
 0001:00004a20       ??$fill@PAPAVCServe@serve@@PAV12@@std@@YAXPAPAVCServe@serve@@0ABQAV12@@Z 10005a20 f i KernelImpl.obj
 0001:00004a40       ??$_Umove@PAPAVCServe@serve@@@?$vector@PAVCServe@serve@@V?$allocator@PAVCServe@serve@@@std@@@std@@IAEPAPAVCServe@serve@@PAPAV23@00@Z 10005a40 f i KernelImpl.obj
 0001:00004a40       ??$_Umove@PAPAVCMsg@sbase@@@?$vector@PAVCMsg@sbase@@V?$allocator@PAVCMsg@sbase@@@std@@@std@@IAEPAPAVCMsg@sbase@@PAPAV23@00@Z 10005a40 f i NetClient.obj
 0001:00004a40       ??$_Umove@PAPAVCRouterPort@serve@@@?$vector@PAVCRouterPort@serve@@V?$allocator@PAVCRouterPort@serve@@@std@@@std@@IAEPAPAVCRouterPort@serve@@PAPAV23@00@Z 10005a40 f i MsgRouter.obj
 0001:00004a70       ??0CRouterPort@serve@@QAE@AAVCMsgRouter@1@H@Z 10005a70 f i MsgRouter.obj
 0001:00004b10       ?GetPort@CRouterPort@serve@@UBEGXZ 10005b10 f i MsgRouter.obj
 0001:00004b20       ?GetGroup@CRouterPort@serve@@UBEGXZ 10005b20 f i MsgRouter.obj
 0001:00004b30       ?Stop@CRouterPort@serve@@UAEXXZ 10005b30 f i MsgRouter.obj
 0001:00004b40       ?Start@CRouterPort@serve@@UAEXXZ 10005b40 f i MsgRouter.obj
 0001:00004b50       ?DiscardMsg@CRouterPort@serve@@UAEXPAVIMessage@sbase@@@Z 10005b50 f i MsgRouter.obj
 0001:00004b70       ??_GCRouterPort@serve@@UAEPAXI@Z 10005b70 f i MsgRouter.obj
 0001:00004b70       ??_ECRouterPort@serve@@UAEPAXI@Z 10005b70 f i MsgRouter.obj
 0001:00004b90       ??1CMsgRouter@serve@@MAE@XZ 10005b90 f   MsgRouter.obj
 0001:00004d30       ?_Ufill@?$vector@PAVCRouterPort@serve@@V?$allocator@PAVCRouterPort@serve@@@std@@@std@@IAEPAPAVCRouterPort@serve@@PAPAV34@IABQAV34@@Z 10005d30 f i MsgRouter.obj
 0001:00004d30       ?_Ufill@?$vector@PAVCServe@serve@@V?$allocator@PAVCServe@serve@@@std@@@std@@IAEPAPAVCServe@serve@@PAPAV34@IABQAV34@@Z 10005d30 f i KernelImpl.obj
 0001:00004d30       ?_Ufill@?$vector@PAVCMsg@sbase@@V?$allocator@PAVCMsg@sbase@@@std@@@std@@IAEPAPAVCMsg@sbase@@PAPAV34@IABQAV34@@Z 10005d30 f i NetClient.obj
 0001:00004d60       ??_ECMsgRouter@serve@@MAEPAXI@Z 10005d60 f i MsgRouter.obj
 0001:00004d60       ??_GCMsgRouter@serve@@MAEPAXI@Z 10005d60 f i MsgRouter.obj
 0001:00004d80       ??0CMsgRouter@serve@@IAE@H@Z 10005d80 f   MsgRouter.obj
 0001:00004e80       ?CreateNew@CMsgRouter@serve@@SAPAV12@XZ 10005e80 f   MsgRouter.obj
 0001:00004f10       ?Process@CMsg@sbase@@UAE?AW4RET_TYPE@@PAXAAVIConnect@game@@AAVIGame@5@@Z 10005f10 f i NetClient.obj
 0001:00004f30       ?Process@CMsg@sbase@@UAE?AW4RET_TYPE@@AAVIConnect@game@@AAVIGame@5@@Z 10005f30 f i NetClient.obj
 0001:00004f50       ?Process@CMsg@sbase@@UAE?AW4RET_TYPE@@KAAVIGame@game@@@Z 10005f50 f i NetClient.obj
 0001:00004f70       ??_GCMsg@sbase@@UAEPAXI@Z  10005f70 f i NetClient.obj
 0001:00004f70       ??_ECMsg@sbase@@UAEPAXI@Z  10005f70 f i NetClient.obj
 0001:00004f90       ?Process@CNetClient@@UAEXXZ 10005f90 f   NetClient.obj
 0001:00004fb0       ?DisConnect@CNetClient@@UAEXXZ 10005fb0 f   NetClient.obj
 0001:00005040       ?GetStatus@CNetClient@@UBE?AW4STATUS@INetClient@@XZ 10006040 f   NetClient.obj
 0001:00005050       ?SendMsg@CNetClient@@UAE_NPBXH@Z 10006050 f   NetClient.obj
 0001:000050a0       ?Init@?$TEncryptClient@$0CA@$0PN@$06$0BP@$0HK@$0MP@$0OF@$0DP@@net@@IAEXXZ 100060a0 f i NetClient.obj
 0001:00005130       ?Rencrypt@?$TEncryptClient@$0CA@$0PN@$06$0BP@$0HK@$0MP@$0OF@$0DP@@net@@UAEXPAEH@Z 10006130 f i NetClient.obj
 0001:00005130       ?Rencrypt@?$TEncryptServer@$0LCJNDMIE@$0MMGCEKNK@@net@@UAEXPAEH@Z 10006130 f i NetServeImpl.obj
 0001:00005140       ?Release@?$TEncryptClient@$0CA@$0PN@$06$0BP@$0HK@$0MP@$0OF@$0DP@@net@@UAEKXZ 10006140 f i NetClient.obj
 0001:00005150       ?Encrypt@?$TEncryptClient@$0CA@$0PN@$06$0BP@$0HK@$0MP@$0OF@$0DP@@net@@UAEXPAEH@Z 10006150 f i NetClient.obj
 0001:000051c0       ?Duplicate@?$TEncryptClient@$0CA@$0PN@$06$0BP@$0HK@$0MP@$0OF@$0DP@@net@@UAEPAVIEncryptor@2@XZ 100061c0 f i NetClient.obj
 0001:00005220       ?Connect@CNetClient@@UAE_NXZ 10006220 f   NetClient.obj
 0001:00005350       ??$_Unchecked_move_backward@PAPAVCRouterPort@serve@@PAPAV12@@stdext@@YAPAPAVCRouterPort@serve@@PAPAV12@00@Z 10006350 f i MsgRouter.obj
 0001:00005350       ??$_Unchecked_move_backward@PAPAVCServe@serve@@PAPAV12@@stdext@@YAPAPAVCServe@serve@@PAPAV12@00@Z 10006350 f i KernelImpl.obj
 0001:00005350       ??$_Unchecked_move_backward@PAPAVCMsg@sbase@@PAPAV12@@stdext@@YAPAPAVCMsg@sbase@@PAPAV12@00@Z 10006350 f i NetClient.obj
 0001:00005380       ??1?$vector@PAVCServe@serve@@V?$allocator@PAVCServe@serve@@@std@@@std@@QAE@XZ 10006380 f i KernelImpl.obj
 0001:00005380       ??1?$vector@PAVCRouterPort@serve@@V?$allocator@PAVCRouterPort@serve@@@std@@@std@@QAE@XZ 10006380 f i MsgRouter.obj
 0001:00005380       ??1?$vector@PAVCMsg@sbase@@V?$allocator@PAVCMsg@sbase@@@std@@@std@@QAE@XZ 10006380 f i NetClient.obj
 0001:000053b0       ??1CNetClient@@QAE@XZ      100063b0 f   NetClient.obj
 0001:00005480       ?OnEstablishSck@CNetClient@@UAEXXZ 10006480 f i NetClient.obj
 0001:00005490       ?OnCloseSck@CNetClient@@UAEXXZ 10006490 f i NetClient.obj
 0001:000054a0       ?GetMsgNum@CNetClient@@UAEJXZ 100064a0 f i NetClient.obj
 0001:000054c0       ?PickMsg@CNetClient@@UAEPAVCMsg@sbase@@XZ 100064c0 f   NetClient.obj
 0001:00005540       ?Release@CNetClient@@UAEKXZ 10006540 f   NetClient.obj
 0001:00005560       ?SetHost@CNetClient@@UAEXPBDG@Z 10006560 f   NetClient.obj
 0001:000055c0       ??0CNetClient@@IAE@XZ      100065c0 f   NetClient.obj
 0001:00005630       ?CreateNew@CNetClient@@SAPAV1@XZ 10006630 f   NetClient.obj
 0001:000056a0       ?OnRcvMsg@CNetClient@@UAEHPBXH@Z 100066a0 f   NetClient.obj
 0001:000057b0       _NetClientCreate           100067b0 f   NetClient.obj
 0001:000057c0       ??0IMessage@sbase@@QAE@PBXHH@Z 100067c0 f i NetServeImpl.obj
 0001:00005830       ?OnAcceptSck@CNetworkServeImpl@ns@@MAE_NI@Z 10006830 f   NetServeImpl.obj
 0001:00005840       ??3?$TEncryptServer@$0LCJNDMIE@$0MMGCEKNK@@net@@SAXPAX@Z 10006840 f i NetServeImpl.obj
 0001:00005850       ??8const_iterator@?$_Tree@V?$_Tmap_traits@IPAVCSocket@net@@U?$less@I@std@@V?$allocator@U?$pair@$$CBIPAVCSocket@net@@@std@@@4@$0A@@std@@@std@@QBE_NABV012@@Z 10006850 f i ServeSocket.obj
 0001:00005850       ??8const_iterator@?$_Tree@V?$_Tmap_traits@IW4PORT@serve@@U?$less@I@std@@V?$allocator@U?$pair@$$CBIW4PORT@serve@@@std@@@4@$0A@@std@@@std@@QBE_NABV012@@Z 10006850 f i NetServeImpl.obj
 0001:00005880       ?_Min@?$_Tree@V?$_Tmap_traits@IPAVCSocket@net@@U?$less@I@std@@V?$allocator@U?$pair@$$CBIPAVCSocket@net@@@std@@@4@$0A@@std@@@std@@KAPAU_Node@?$_Tree_nod@V?$_Tmap_traits@IPAVCSocket@net@@U?$less@I@std@@V?$allocator@U?$pair@$$CBIPAVCSocket@net@@@std@@@4@$0A@@std@@@2@PAU342@@Z 10006880 f i ServeSocket.obj
 0001:00005880       ?_Min@?$_Tree@V?$_Tmap_traits@GPAVCServe@serve@@U?$less@G@std@@V?$allocator@U?$pair@$$CBGPAVCServe@serve@@@std@@@4@$0A@@std@@@std@@KAPAU_Node@?$_Tree_nod@V?$_Tmap_traits@GPAVCServe@serve@@U?$less@G@std@@V?$allocator@U?$pair@$$CBGPAVCServe@serve@@@std@@@4@$0A@@std@@@2@PAU342@@Z 10006880 f i KernelImpl.obj
 0001:00005880       ?_Min@?$_Tree@V?$_Tmap_traits@IW4PORT@serve@@U?$less@I@std@@V?$allocator@U?$pair@$$CBIW4PORT@serve@@@std@@@4@$0A@@std@@@std@@KAPAU_Node@?$_Tree_nod@V?$_Tmap_traits@IW4PORT@serve@@U?$less@I@std@@V?$allocator@U?$pair@$$CBIW4PORT@serve@@@std@@@4@$0A@@std@@@2@PAU342@@Z 10006880 f i NetServeImpl.obj
 0001:000058a0       ?_Dec@const_iterator@?$_Tree@V?$_Tmap_traits@IW4PORT@serve@@U?$less@I@std@@V?$allocator@U?$pair@$$CBIW4PORT@serve@@@std@@@4@$0A@@std@@@std@@QAEXXZ 100068a0 f i NetServeImpl.obj
 0001:000058a0       ?_Dec@const_iterator@?$_Tree@V?$_Tmap_traits@IPAVCSocket@net@@U?$less@I@std@@V?$allocator@U?$pair@$$CBIPAVCSocket@net@@@std@@@4@$0A@@std@@@std@@QAEXXZ 100068a0 f i ServeSocket.obj
 0001:000058a0       ?_Dec@const_iterator@?$_Tree@V?$_Tmap_traits@GPAVCServe@serve@@U?$less@G@std@@V?$allocator@U?$pair@$$CBGPAVCServe@serve@@@std@@@4@$0A@@std@@@std@@QAEXXZ 100068a0 f i KernelImpl.obj
 0001:00005930       ?Init@?$TEncryptServer@$0LCJNDMIE@$0MMGCEKNK@@net@@IAEXXZ 10006930 f i NetServeImpl.obj
 0001:000059c0       ?ChangeCode@?$TEncryptServer@$0LCJNDMIE@$0MMGCEKNK@@net@@UAEXPBD@Z 100069c0 f i NetServeImpl.obj
 0001:000059c0       ?ChangeCode@?$TEncryptClient@$0CA@$0PN@$06$0BP@$0HK@$0MP@$0OF@$0DP@@net@@UAEXPBD@Z 100069c0 f i NetClient.obj
 0001:00005a00       ?ChangeCode@?$TEncryptClient@$0CA@$0PN@$06$0BP@$0HK@$0MP@$0OF@$0DP@@net@@UAEXK@Z 10006a00 f i NetClient.obj
 0001:00005a00       ?ChangeCode@?$TEncryptServer@$0LCJNDMIE@$0MMGCEKNK@@net@@UAEXK@Z 10006a00 f i NetServeImpl.obj
 0001:00005a30       ?Encrypt@?$TEncryptServer@$0LCJNDMIE@$0MMGCEKNK@@net@@UAEXPAEH@Z 10006a30 f i NetServeImpl.obj
 0001:00005a90       ?Decrypt@?$TEncryptClient@$0CA@$0PN@$06$0BP@$0HK@$0MP@$0OF@$0DP@@net@@UAEXPAEH@Z 10006a90 f i NetClient.obj
 0001:00005a90       ?Decrypt@?$TEncryptServer@$0LCJNDMIE@$0MMGCEKNK@@net@@UAEXPAEH@Z 10006a90 f i NetServeImpl.obj
 0001:00005aa0       ?Duplicate@?$TEncryptServer@$0LCJNDMIE@$0MMGCEKNK@@net@@UAEPAVIEncryptor@2@XZ 10006aa0 f i NetServeImpl.obj
 0001:00005b10       ?Release@?$TEncryptServer@$0LCJNDMIE@$0MMGCEKNK@@net@@UAEKXZ 10006b10 f i NetServeImpl.obj
 0001:00005b20       ?_Lrotate@?$_Tree@V?$_Tmap_traits@GPAVCServe@serve@@U?$less@G@std@@V?$allocator@U?$pair@$$CBGPAVCServe@serve@@@std@@@4@$0A@@std@@@std@@IAEXPAU_Node@?$_Tree_nod@V?$_Tmap_traits@GPAVCServe@serve@@U?$less@G@std@@V?$allocator@U?$pair@$$CBGPAVCServe@serve@@@std@@@4@$0A@@std@@@2@@Z 10006b20 f i KernelImpl.obj
 0001:00005b20       ?_Lrotate@?$_Tree@V?$_Tmap_traits@IPAVCSocket@net@@U?$less@I@std@@V?$allocator@U?$pair@$$CBIPAVCSocket@net@@@std@@@4@$0A@@std@@@std@@IAEXPAU_Node@?$_Tree_nod@V?$_Tmap_traits@IPAVCSocket@net@@U?$less@I@std@@V?$allocator@U?$pair@$$CBIPAVCSocket@net@@@std@@@4@$0A@@std@@@2@@Z 10006b20 f i ServeSocket.obj
 0001:00005b20       ?_Lrotate@?$_Tree@V?$_Tmap_traits@IW4PORT@serve@@U?$less@I@std@@V?$allocator@U?$pair@$$CBIW4PORT@serve@@@std@@@4@$0A@@std@@@std@@IAEXPAU_Node@?$_Tree_nod@V?$_Tmap_traits@IW4PORT@serve@@U?$less@I@std@@V?$allocator@U?$pair@$$CBIW4PORT@serve@@@std@@@4@$0A@@std@@@2@@Z 10006b20 f i NetServeImpl.obj
 0001:00005b70       ?Init@CNetworkServeImpl@ns@@QAE_NHPAD@Z 10006b70 f   NetServeImpl.obj
 0001:00005ca0       ??Diterator@?$_Tree@V?$_Tmap_traits@IW4PORT@serve@@U?$less@I@std@@V?$allocator@U?$pair@$$CBIW4PORT@serve@@@std@@@4@$0A@@std@@@std@@QBEAAU?$pair@$$CBIW4PORT@serve@@@2@XZ 10006ca0 f i NetServeImpl.obj
 0001:00005cd0       ?_Buynode@?$_Tree@V?$_Tmap_traits@IPAVCSocket@net@@U?$less@I@std@@V?$allocator@U?$pair@$$CBIPAVCSocket@net@@@std@@@4@$0A@@std@@@std@@IAEPAU_Node@?$_Tree_nod@V?$_Tmap_traits@IPAVCSocket@net@@U?$less@I@std@@V?$allocator@U?$pair@$$CBIPAVCSocket@net@@@std@@@4@$0A@@std@@@2@XZ 10006cd0 f i ServeSocket.obj
 0001:00005cd0       ?_Buynode@?$_Tree@V?$_Tmap_traits@IW4PORT@serve@@U?$less@I@std@@V?$allocator@U?$pair@$$CBIW4PORT@serve@@@std@@@4@$0A@@std@@@std@@IAEPAU_Node@?$_Tree_nod@V?$_Tmap_traits@IW4PORT@serve@@U?$less@I@std@@V?$allocator@U?$pair@$$CBIW4PORT@serve@@@std@@@4@$0A@@std@@@2@XZ 10006cd0 f i NetServeImpl.obj
 0001:00005cd0       ?_Buynode@?$_Tree@V?$_Tmap_traits@GPAVCServe@serve@@U?$less@G@std@@V?$allocator@U?$pair@$$CBGPAVCServe@serve@@@std@@@4@$0A@@std@@@std@@IAEPAU_Node@?$_Tree_nod@V?$_Tmap_traits@GPAVCServe@serve@@U?$less@G@std@@V?$allocator@U?$pair@$$CBGPAVCServe@serve@@@std@@@4@$0A@@std@@@2@XZ 10006cd0 f i KernelImpl.obj
 0001:00005d10       ?_Buynode@?$_Tree@V?$_Tmap_traits@IW4PORT@serve@@U?$less@I@std@@V?$allocator@U?$pair@$$CBIW4PORT@serve@@@std@@@4@$0A@@std@@@std@@IAEPAU_Node@?$_Tree_nod@V?$_Tmap_traits@IW4PORT@serve@@U?$less@I@std@@V?$allocator@U?$pair@$$CBIW4PORT@serve@@@std@@@4@$0A@@std@@@2@PAU342@00ABU?$pair@$$CBIW4PORT@serve@@@2@D@Z 10006d10 f i NetServeImpl.obj
 0001:00005d10       ?_Buynode@?$_Tree@V?$_Tmap_traits@IPAVCSocket@net@@U?$less@I@std@@V?$allocator@U?$pair@$$CBIPAVCSocket@net@@@std@@@4@$0A@@std@@@std@@IAEPAU_Node@?$_Tree_nod@V?$_Tmap_traits@IPAVCSocket@net@@U?$less@I@std@@V?$allocator@U?$pair@$$CBIPAVCSocket@net@@@std@@@4@$0A@@std@@@2@PAU342@00ABU?$pair@$$CBIPAVCSocket@net@@@2@D@Z 10006d10 f i ServeSocket.obj
 0001:00005d10       ?_Buynode@?$_Tree@V?$_Tmap_traits@GPAVCServe@serve@@U?$less@G@std@@V?$allocator@U?$pair@$$CBGPAVCServe@serve@@@std@@@4@$0A@@std@@@std@@IAEPAU_Node@?$_Tree_nod@V?$_Tmap_traits@GPAVCServe@serve@@U?$less@G@std@@V?$allocator@U?$pair@$$CBGPAVCServe@serve@@@std@@@4@$0A@@std@@@2@PAU342@00ABU?$pair@$$CBGPAVCServe@serve@@@2@D@Z 10006d10 f i KernelImpl.obj
 0001:00005d50       ?OnRcvMsg@CNetworkServeImpl@ns@@MAEHIPBDH@Z 10006d50 f   NetServeImpl.obj
 0001:00005e90       ?OnCloseSck@CNetworkServeImpl@ns@@MAEXI@Z 10006e90 f   NetServeImpl.obj
 0001:00005f60       ??1CNetworkServeImpl@ns@@UAE@XZ 10006f60 f   NetServeImpl.obj
 0001:00006070       ?QueryStatus@CNetworkServeImpl@ns@@UBE?AW4STATUS@IModule@sbase@@XZ 10007070 f i NetServeImpl.obj
 0001:00006080       ?Release@CNetworkServeImpl@ns@@UAEKXZ 10007080 f i NetServeImpl.obj
 0001:00006090       ?GetName@CNetworkServeImpl@ns@@UBEPBDXZ 10007090 f i NetServeImpl.obj
 0001:000060a0       ?IsValid@CRouterPort@serve@@UBE_NXZ 100070a0 f i MsgRouter.obj
 0001:000060a0       ?Run@CNetworkServeImpl@ns@@UAE_NXZ 100070a0 f i NetServeImpl.obj
 0001:000060a0       ?PreCreate@CNetworkServeImpl@ns@@UAE_NXZ 100070a0 f i NetServeImpl.obj
 0001:000060a0       ?Create@CNetworkServeImpl@ns@@UAE_NXZ 100070a0 f i NetServeImpl.obj
 0001:000060b0       ?Destroy@CNetworkServeImpl@ns@@UAEXXZ 100070b0 f i NetServeImpl.obj
 0001:000060b0       ??1CIniFile@sbase@@QAE@XZ  100070b0 f i base:IniFile.obj
 0001:000060b0       ?PostDestroy@CNetworkServeImpl@ns@@UAEXXZ 100070b0 f i NetServeImpl.obj
 0001:000060b0       ??3@YAXPAX0@Z              100070b0 f i KernelImpl.obj
 0001:000060c0       ?GetInterval@CNetworkServeImpl@ns@@UBEGXZ 100070c0 f i NetServeImpl.obj
 0001:000060d0       ?GetPort@CNetworkServeImpl@ns@@UBEGXZ 100070d0 f i NetServeImpl.obj
 0001:000060e0       ?CloseSock@CNetworkServeImpl@ns@@UAEXI@Z 100070e0 f i NetServeImpl.obj
 0001:000060f0       ?SendMsg@CNetworkServeImpl@ns@@UAEXAAVIMessage@sbase@@H@Z 100070f0 f i NetServeImpl.obj
 0001:00006100       ?OnProcess@CNetworkServeImpl@ns@@UAEHXZ 10007100 f   NetServeImpl.obj
 0001:00006230       ??0CNetworkServeImpl@ns@@QAE@PAVIPort@serve@@GW4TYPE@1@@Z 10007230 f   NetServeImpl.obj
 0001:00006330       ??_ECNetworkServeImpl@ns@@UAEPAXI@Z 10007330 f i NetServeImpl.obj
 0001:00006330       ??_GCNetworkServeImpl@ns@@UAEPAXI@Z 10007330 f i NetServeImpl.obj
 0001:00006350       ?ServeCreate@ns@@YAPAVIServe@serve@@PAVIRouter@3@GW4TYPE@1@@Z 10007350 f   NetServeImpl.obj
 0001:00006600       ?OnEstablishSck@CNetworkServeImpl@ns@@MAEXI@Z 10007600 f   NetServeImpl.obj
 0001:00006670       ??1CSingleLock@sbase@@QAE@XZ 10007670 f i RouterPort.obj
 0001:00006680       ?Release@CRouterPort@serve@@UAEGXZ 10007680 f   RouterPort.obj
 0001:000066a0       ?SendMsg@CRouterPort@serve@@UAE_NAAVIMessage@sbase@@H@Z 100076a0 f   RouterPort.obj
 0001:000066c0       ?SendMsgToOut@CRouterPort@serve@@UAE_NAAVIMessage@sbase@@H@Z 100076c0 f   RouterPort.obj
 0001:000066e0       ??$sprintf_s@$0IA@@@YAHAAY0IA@DPBDZZ 100076e0 f i RouterPort.obj
 0001:00006700       ?TakeMsg@CRouterPort@serve@@UAEPAVIMessage@sbase@@XZ 10007700 f   RouterPort.obj
 0001:000067c0       ?CleanMsg@CRouterPort@serve@@UAEXXZ 100077c0 f   RouterPort.obj
 0001:00006930       ?TakeMsgFromOut@CRouterPort@serve@@UAEPAVIMessage@sbase@@XZ 10007930 f   RouterPort.obj
 0001:000069f0       ??1CRouterPort@serve@@UAE@XZ 100079f0 f   RouterPort.obj
 0001:00006a60       ?_Incsize@?$list@PAVIMessage@sbase@@V?$allocator@PAVIMessage@sbase@@@std@@@std@@IAEXI@Z 10007a60 f i RouterPort.obj
 0001:00006a60       ?_Incsize@?$list@IV?$allocator@I@std@@@std@@IAEXI@Z 10007a60 f i ListenSocket.obj
 0001:00006b00       ?PushMsg@CRouterPort@serve@@UAE_NPAVIMessage@sbase@@@Z 10007b00 f   RouterPort.obj
 0001:00006c20       ?PushOutMsg@CRouterPort@serve@@QAE_NPAVIMessage@sbase@@@Z 10007c20 f   RouterPort.obj
 0001:00006ce0       ??1CServe@serve@@UAE@XZ    10007ce0 f   Serve.obj
 0001:00006d80       ?OnThreadDestroy@CServe@serve@@MAEHXZ 10007d80 f i Serve.obj
 0001:00006d80       ?OnThreadEvent@CServe@serve@@MAEHXZ 10007d80 f i Serve.obj
 0001:00006d80       ?OnThreadCreate@CServe@serve@@MAEHXZ 10007d80 f i Serve.obj
 0001:00006d90       ?OnThreadProcess@CServe@serve@@MAEHXZ 10007d90 f i Serve.obj
 0001:00006da0       ?Run@CServe@serve@@QAE_NXZ 10007da0 f   Serve.obj
 0001:00006e00       ??0CServe@serve@@QAE@PAVIServe@1@PAUHINSTANCE__@@@Z 10007e00 f   Serve.obj
 0001:00006e20       ??_GCServe@serve@@UAEPAXI@Z 10007e20 f i Serve.obj
 0001:00006e20       ??_ECServe@serve@@UAEPAXI@Z 10007e20 f i Serve.obj
 0001:00006e40       ??Bid@locale@std@@QAEIXZ   10007e40 f i ServeSocket.obj
 0001:00006e80       ?_Incref@facet@locale@std@@QAEXXZ 10007e80 f i ServeSocket.obj
 0001:00006eb0       ?_Decref@facet@locale@std@@QAEPAV123@XZ 10007eb0 f i ServeSocket.obj
 0001:00006ef0       ??1facet@locale@std@@UAE@XZ 10007ef0 f i ServeSocket.obj
 0001:00006f00       ??1locale@std@@QAE@XZ      10007f00 f i ServeSocket.obj
 0001:00006f50       ?_Getfacet@locale@std@@QBEPBVfacet@12@I@Z 10007f50 f i ServeSocket.obj
 0001:00006f90       ?getloc@ios_base@std@@QBE?AVlocale@2@XZ 10007f90 f i ServeSocket.obj
 0001:00006fd0       ?_Inc@const_iterator@?$_Tree@V?$_Tmap_traits@IPAVCSocket@net@@U?$less@I@std@@V?$allocator@U?$pair@$$CBIPAVCSocket@net@@@std@@@4@$0A@@std@@@std@@QAEXXZ 10007fd0 f i ServeSocket.obj
 0001:00006fd0       ?_Inc@const_iterator@?$_Tree@V?$_Tmap_traits@GPAVCServe@serve@@U?$less@G@std@@V?$allocator@U?$pair@$$CBGPAVCServe@serve@@@std@@@4@$0A@@std@@@std@@QAEXXZ 10007fd0 f i KernelImpl.obj
 0001:00006fd0       ?_Inc@const_iterator@?$_Tree@V?$_Tmap_traits@IW4PORT@serve@@U?$less@I@std@@V?$allocator@U?$pair@$$CBIW4PORT@serve@@@std@@@4@$0A@@std@@@std@@QAEXXZ 10007fd0 f i NetServeImpl.obj
 0001:00007040       ?_Erase@?$_Tree@V?$_Tmap_traits@IPAVCSocket@net@@U?$less@I@std@@V?$allocator@U?$pair@$$CBIPAVCSocket@net@@@std@@@4@$0A@@std@@@std@@IAEXPAU_Node@?$_Tree_nod@V?$_Tmap_traits@IPAVCSocket@net@@U?$less@I@std@@V?$allocator@U?$pair@$$CBIPAVCSocket@net@@@std@@@4@$0A@@std@@@2@@Z 10008040 f i ServeSocket.obj
 0001:00007040       ?_Erase@?$_Tree@V?$_Tmap_traits@IW4PORT@serve@@U?$less@I@std@@V?$allocator@U?$pair@$$CBIW4PORT@serve@@@std@@@4@$0A@@std@@@std@@IAEXPAU_Node@?$_Tree_nod@V?$_Tmap_traits@IW4PORT@serve@@U?$less@I@std@@V?$allocator@U?$pair@$$CBIW4PORT@serve@@@std@@@4@$0A@@std@@@2@@Z 10008040 f i NetServeImpl.obj
 0001:00007040       ?_Erase@?$_Tree@V?$_Tmap_traits@GPAVCServe@serve@@U?$less@G@std@@V?$allocator@U?$pair@$$CBGPAVCServe@serve@@@std@@@4@$0A@@std@@@std@@IAEXPAU_Node@?$_Tree_nod@V?$_Tmap_traits@GPAVCServe@serve@@U?$less@G@std@@V?$allocator@U?$pair@$$CBGPAVCServe@serve@@@std@@@4@$0A@@std@@@2@@Z 10008040 f i KernelImpl.obj
 0001:00007080       ??$_Distance2@Viterator@?$_Tree@V?$_Tmap_traits@IW4PORT@serve@@U?$less@I@std@@V?$allocator@U?$pair@$$CBIW4PORT@serve@@@std@@@4@$0A@@std@@@std@@I@std@@YAXViterator@?$_Tree@V?$_Tmap_traits@IW4PORT@serve@@U?$less@I@std@@V?$allocator@U?$pair@$$CBIW4PORT@serve@@@std@@@4@$0A@@std@@@0@0AAIUbidirectional_iterator_tag@0@@Z 10008080 f i NetServeImpl.obj
 0001:00007080       ??$_Distance2@Viterator@?$_Tree@V?$_Tmap_traits@IPAVCSocket@net@@U?$less@I@std@@V?$allocator@U?$pair@$$CBIPAVCSocket@net@@@std@@@4@$0A@@std@@@std@@I@std@@YAXViterator@?$_Tree@V?$_Tmap_traits@IPAVCSocket@net@@U?$less@I@std@@V?$allocator@U?$pair@$$CBIPAVCSocket@net@@@std@@@4@$0A@@std@@@0@0AAIUbidirectional_iterator_tag@0@@Z 10008080 f i ServeSocket.obj
 0001:000070c0       ?find@?$_Tree@V?$_Tmap_traits@IW4PORT@serve@@U?$less@I@std@@V?$allocator@U?$pair@$$CBIW4PORT@serve@@@std@@@4@$0A@@std@@@std@@QAE?AViterator@12@ABI@Z 100080c0 f i NetServeImpl.obj
 0001:000070c0       ?find@?$_Tree@V?$_Tmap_traits@IPAVCSocket@net@@U?$less@I@std@@V?$allocator@U?$pair@$$CBIPAVCSocket@net@@@std@@@4@$0A@@std@@@std@@QAE?AViterator@12@ABI@Z 100080c0 f i ServeSocket.obj
 0001:00007130       ?_Tidy@?$list@PAVIMessage@sbase@@V?$allocator@PAVIMessage@sbase@@@std@@@std@@IAEXXZ 10008130 f i MsgRouter.obj
 0001:00007130       ?_Tidy@?$list@IV?$allocator@I@std@@@std@@IAEXXZ 10008130 f i ServeSocket.obj
 0001:00007180       ?equal_range@?$_Tree@V?$_Tmap_traits@IPAVCSocket@net@@U?$less@I@std@@V?$allocator@U?$pair@$$CBIPAVCSocket@net@@@std@@@4@$0A@@std@@@std@@QAE?AU?$pair@Viterator@?$_Tree@V?$_Tmap_traits@IPAVCSocket@net@@U?$less@I@std@@V?$allocator@U?$pair@$$CBIPAVCSocket@net@@@std@@@4@$0A@@std@@@std@@V123@@2@ABI@Z 10008180 f i ServeSocket.obj
 0001:00007180       ?equal_range@?$_Tree@V?$_Tmap_traits@IW4PORT@serve@@U?$less@I@std@@V?$allocator@U?$pair@$$CBIW4PORT@serve@@@std@@@4@$0A@@std@@@std@@QAE?AU?$pair@Viterator@?$_Tree@V?$_Tmap_traits@IW4PORT@serve@@U?$less@I@std@@V?$allocator@U?$pair@$$CBIW4PORT@serve@@@std@@@4@$0A@@std@@@std@@V123@@2@ABI@Z 10008180 f i NetServeImpl.obj
 0001:000071e0       ??1_Locinfo@std@@QAE@XZ    100081e0 f i ServeSocket.obj
 0001:000072c0       ?CloseAll@CServeSocket@net@@IAEXXZ 100082c0 f   ServeSocket.obj
 0001:000073f0       ?GetSocket@CServeSocket@net@@IAEPAVCSocket@2@I@Z 100083f0 f   ServeSocket.obj
 0001:00007450       ?GetSocketIP@CServeSocket@net@@UAEPBDI@Z 10008450 f   ServeSocket.obj
 0001:00007470       ?QueryEncryptor@CServeSocket@net@@UAEPAVIEncryptor@2@IW4ENCRYPTOR_TYPE@2@@Z 10008470 f   ServeSocket.obj
 0001:00007490       ?ChgEncryptor@CServeSocket@net@@UAEXIW4ENCRYPTOR_TYPE@2@PAVIEncryptor@2@@Z 10008490 f   ServeSocket.obj
 0001:000074e0       ??1?$list@PAVIMessage@sbase@@V?$allocator@PAVIMessage@sbase@@@std@@@std@@QAE@XZ 100084e0 f i MsgRouter.obj
 0001:000074e0       ??1?$list@IV?$allocator@I@std@@@std@@QAE@XZ 100084e0 f i ServeSocket.obj
 0001:000074f0       ??1CListenSocket@net@@UAE@XZ 100084f0 f i ServeSocket.obj
 0001:00007550       ??_ECListenSocket@net@@UAEPAXI@Z 10008550 f i ServeSocket.obj
 0001:00007550       ??_GCListenSocket@net@@UAEPAXI@Z 10008550 f i ServeSocket.obj
 0001:00007570       ?CloseSocket@CServeSocket@net@@UAE_NI@Z 10008570 f   ServeSocket.obj
 0001:00007590       ?erase@?$_Tree@V?$_Tmap_traits@IW4PORT@serve@@U?$less@I@std@@V?$allocator@U?$pair@$$CBIW4PORT@serve@@@std@@@4@$0A@@std@@@std@@QAE?AViterator@12@V312@@Z 10008590 f i NetServeImpl.obj
 0001:00007590       ?erase@?$_Tree@V?$_Tmap_traits@IPAVCSocket@net@@U?$less@I@std@@V?$allocator@U?$pair@$$CBIPAVCSocket@net@@@std@@@4@$0A@@std@@@std@@QAE?AViterator@12@V312@@Z 10008590 f i ServeSocket.obj
 0001:00007590       ?erase@?$_Tree@V?$_Tmap_traits@GPAVCServe@serve@@U?$less@G@std@@V?$allocator@U?$pair@$$CBGPAVCServe@serve@@@std@@@4@$0A@@std@@@std@@QAE?AViterator@12@V312@@Z 10008590 f i KernelImpl.obj
 0001:00007850       ?_Insert@?$_Tree@V?$_Tmap_traits@IPAVCSocket@net@@U?$less@I@std@@V?$allocator@U?$pair@$$CBIPAVCSocket@net@@@std@@@4@$0A@@std@@@std@@IAE?AViterator@12@_NPAU_Node@?$_Tree_nod@V?$_Tmap_traits@IPAVCSocket@net@@U?$less@I@std@@V?$allocator@U?$pair@$$CBIPAVCSocket@net@@@std@@@4@$0A@@std@@@2@ABU?$pair@$$CBIPAVCSocket@net@@@2@@Z 10008850 f i ServeSocket.obj
 0001:00007850       ?_Insert@?$_Tree@V?$_Tmap_traits@IW4PORT@serve@@U?$less@I@std@@V?$allocator@U?$pair@$$CBIW4PORT@serve@@@std@@@4@$0A@@std@@@std@@IAE?AViterator@12@_NPAU_Node@?$_Tree_nod@V?$_Tmap_traits@IW4PORT@serve@@U?$less@I@std@@V?$allocator@U?$pair@$$CBIW4PORT@serve@@@std@@@4@$0A@@std@@@2@ABU?$pair@$$CBIW4PORT@serve@@@2@@Z 10008850 f i NetServeImpl.obj
 0001:00007850       ?_Insert@?$_Tree@V?$_Tmap_traits@GPAVCServe@serve@@U?$less@G@std@@V?$allocator@U?$pair@$$CBGPAVCServe@serve@@@std@@@4@$0A@@std@@@std@@IAE?AViterator@12@_NPAU_Node@?$_Tree_nod@V?$_Tmap_traits@GPAVCServe@serve@@U?$less@G@std@@V?$allocator@U?$pair@$$CBGPAVCServe@serve@@@std@@@4@$0A@@std@@@2@ABU?$pair@$$CBGPAVCServe@serve@@@2@@Z 10008850 f i KernelImpl.obj
 0001:00007a50       ??0_Locinfo@std@@QAE@PBD@Z 10008a50 f i ServeSocket.obj
 0001:00007b20       ?erase@?$_Tree@V?$_Tmap_traits@IPAVCSocket@net@@U?$less@I@std@@V?$allocator@U?$pair@$$CBIPAVCSocket@net@@@std@@@4@$0A@@std@@@std@@QAE?AViterator@12@V312@0@Z 10008b20 f i ServeSocket.obj
 0001:00007b20       ?erase@?$_Tree@V?$_Tmap_traits@GPAVCServe@serve@@U?$less@G@std@@V?$allocator@U?$pair@$$CBGPAVCServe@serve@@@std@@@4@$0A@@std@@@std@@QAE?AViterator@12@V312@0@Z 10008b20 f i KernelImpl.obj
 0001:00007b20       ?erase@?$_Tree@V?$_Tmap_traits@IW4PORT@serve@@U?$less@I@std@@V?$allocator@U?$pair@$$CBIW4PORT@serve@@@std@@@4@$0A@@std@@@std@@QAE?AViterator@12@V312@0@Z 10008b20 f i NetServeImpl.obj
 0001:00007bf0       ?insert@?$_Tree@V?$_Tmap_traits@IPAVCSocket@net@@U?$less@I@std@@V?$allocator@U?$pair@$$CBIPAVCSocket@net@@@std@@@4@$0A@@std@@@std@@QAE?AU?$pair@Viterator@?$_Tree@V?$_Tmap_traits@IPAVCSocket@net@@U?$less@I@std@@V?$allocator@U?$pair@$$CBIPAVCSocket@net@@@std@@@4@$0A@@std@@@std@@_N@2@ABU?$pair@$$CBIPAVCSocket@net@@@2@@Z 10008bf0 f i ServeSocket.obj
 0001:00007bf0       ?insert@?$_Tree@V?$_Tmap_traits@IW4PORT@serve@@U?$less@I@std@@V?$allocator@U?$pair@$$CBIW4PORT@serve@@@std@@@4@$0A@@std@@@std@@QAE?AU?$pair@Viterator@?$_Tree@V?$_Tmap_traits@IW4PORT@serve@@U?$less@I@std@@V?$allocator@U?$pair@$$CBIW4PORT@serve@@@std@@@4@$0A@@std@@@std@@_N@2@ABU?$pair@$$CBIW4PORT@serve@@@2@@Z 10008bf0 f i NetServeImpl.obj
 0001:00007cb0       ??0?$num_put@DV?$ostreambuf_iterator@DU?$char_traits@D@std@@@std@@@std@@QAE@I@Z 10008cb0 f i ServeSocket.obj
 0001:00007d50       ??_E?$num_put@DV?$ostreambuf_iterator@DU?$char_traits@D@std@@@std@@@std@@MAEPAXI@Z 10008d50 f i ServeSocket.obj
 0001:00007d50       ??_Efacet@locale@std@@UAEPAXI@Z 10008d50 f i ServeSocket.obj
 0001:00007d50       ??_Gfacet@locale@std@@UAEPAXI@Z 10008d50 f i ServeSocket.obj
 0001:00007d50       ??_G?$num_put@DV?$ostreambuf_iterator@DU?$char_traits@D@std@@@std@@@std@@MAEPAXI@Z 10008d50 f i ServeSocket.obj
 0001:00007d70       ?_Ifmt@?$num_put@DV?$ostreambuf_iterator@DU?$char_traits@D@std@@@std@@@std@@ABAPADPADPBDH@Z 10008d70 f i ServeSocket.obj
 0001:00007e10       ?_Tidy@?$numpunct@D@std@@AAEXXZ 10008e10 f i ServeSocket.obj
 0001:00007e40       ?_Chassign@?$basic_string@DU?$char_traits@D@std@@V?$allocator@D@2@@std@@IAEXIID@Z 10008e40 f i ServeSocket.obj
 0001:00007ea0       ??$_Maklocstr@D@std@@YAPADPBDPADABU_Cvtvec@@@Z 10008ea0 f i ServeSocket.obj
 0001:00007ef0       ?_Init@?$numpunct@D@std@@IAEXABV_Locinfo@2@@Z 10008ef0 f i ServeSocket.obj
 0001:00007fd0       ?_Rep@?$num_put@DV?$ostreambuf_iterator@DU?$char_traits@D@std@@@std@@@std@@ABA?AV?$ostreambuf_iterator@DU?$char_traits@D@std@@@2@V32@DI@Z 10008fd0 f i ServeSocket.obj
 0001:00008050       ?_Put@?$num_put@DV?$ostreambuf_iterator@DU?$char_traits@D@std@@@std@@@std@@ABA?AV?$ostreambuf_iterator@DU?$char_traits@D@std@@@2@V32@PBDI@Z 10009050 f i ServeSocket.obj
 0001:00008050       ?_Putc@?$num_put@DV?$ostreambuf_iterator@DU?$char_traits@D@std@@@std@@@std@@ABA?AV?$ostreambuf_iterator@DU?$char_traits@D@std@@@2@V32@PBDI@Z 10009050 f i ServeSocket.obj
 0001:000080d0       ?_Putgrouped@?$num_put@DV?$ostreambuf_iterator@DU?$char_traits@D@std@@@std@@@std@@ABA?AV?$ostreambuf_iterator@DU?$char_traits@D@std@@@2@V32@PBDID@Z 100090d0 f i ServeSocket.obj
 0001:000081a0       ?falsename@?$numpunct@D@std@@QBE?AV?$basic_string@DU?$char_traits@D@std@@V?$allocator@D@2@@2@XZ 100091a0 f i ServeSocket.obj
 0001:000081c0       ?truename@?$numpunct@D@std@@QBE?AV?$basic_string@DU?$char_traits@D@std@@V?$allocator@D@2@@2@XZ 100091c0 f i ServeSocket.obj
 0001:000081e0       ?append@?$basic_string@DU?$char_traits@D@std@@V?$allocator@D@2@@std@@QAEAAV12@ID@Z 100091e0 f i ServeSocket.obj
 0001:00008290       ?insert@?$basic_string@DU?$char_traits@D@std@@V?$allocator@D@2@@std@@QAEAAV12@IID@Z 10009290 f i ServeSocket.obj
 0001:00008390       ?grouping@?$numpunct@D@std@@QBE?AV?$basic_string@DU?$char_traits@D@std@@V?$allocator@D@2@@2@XZ 10009390 f i ServeSocket.obj
 0001:000083b0       ??0?$numpunct@D@std@@QAE@I@Z 100093b0 f i ServeSocket.obj
 0001:00008470       ?do_decimal_point@?$numpunct@D@std@@MBEDXZ 10009470 f i ServeSocket.obj
 0001:00008480       ?do_thousands_sep@?$numpunct@D@std@@MBEDXZ 10009480 f i ServeSocket.obj
 0001:00008490       ??_E?$numpunct@D@std@@MAEPAXI@Z 10009490 f i ServeSocket.obj
 0001:00008490       ??_G?$numpunct@D@std@@MAEPAXI@Z 10009490 f i ServeSocket.obj
 0001:000084e0       ?do_grouping@?$numpunct@D@std@@MBE?AV?$basic_string@DU?$char_traits@D@std@@V?$allocator@D@2@@2@XZ 100094e0 f i ServeSocket.obj
 0001:00008530       ?do_falsename@?$numpunct@D@std@@MBE?AV?$basic_string@DU?$char_traits@D@std@@V?$allocator@D@2@@2@XZ 10009530 f i ServeSocket.obj
 0001:00008580       ?do_truename@?$numpunct@D@std@@MBE?AV?$basic_string@DU?$char_traits@D@std@@V?$allocator@D@2@@2@XZ 10009580 f i ServeSocket.obj
 0001:000085d0       ?erase@?$_Tree@V?$_Tmap_traits@IW4PORT@serve@@U?$less@I@std@@V?$allocator@U?$pair@$$CBIW4PORT@serve@@@std@@@4@$0A@@std@@@std@@QAEIABI@Z 100095d0 f i NetServeImpl.obj
 0001:000085d0       ?erase@?$_Tree@V?$_Tmap_traits@IPAVCSocket@net@@U?$less@I@std@@V?$allocator@U?$pair@$$CBIPAVCSocket@net@@@std@@@4@$0A@@std@@@std@@QAEIABI@Z 100095d0 f i ServeSocket.obj
 0001:00008640       ?insert@?$_Tree@V?$_Tmap_traits@IPAVCSocket@net@@U?$less@I@std@@V?$allocator@U?$pair@$$CBIPAVCSocket@net@@@std@@@4@$0A@@std@@@std@@QAE?AViterator@12@V312@ABU?$pair@$$CBIPAVCSocket@net@@@2@@Z 10009640 f i ServeSocket.obj
 0001:00008640       ?insert@?$_Tree@V?$_Tmap_traits@IW4PORT@serve@@U?$less@I@std@@V?$allocator@U?$pair@$$CBIW4PORT@serve@@@std@@@4@$0A@@std@@@std@@QAE?AViterator@12@V312@ABU?$pair@$$CBIW4PORT@serve@@@2@@Z 10009640 f i NetServeImpl.obj
 0001:00008800       ?_Getcat@?$num_put@DV?$ostreambuf_iterator@DU?$char_traits@D@std@@@std@@@std@@SAIPAPBVfacet@locale@2@@Z 10009800 f i ServeSocket.obj
 0001:00008870       ?_Getcat@?$numpunct@D@std@@SAIPAPBVfacet@locale@2@@Z 10009870 f i ServeSocket.obj
 0001:000088e0       ?CleanUp@CServeSocket@net@@QAEXI@Z 100098e0 f i ServeSocket.obj
 0001:00008960       ??1?$map@GPAVCServe@serve@@U?$less@G@std@@V?$allocator@U?$pair@$$CBGPAVCServe@serve@@@std@@@4@@std@@QAE@XZ 10009960 f i KernelImpl.obj
 0001:00008960       ??1?$map@IW4PORT@serve@@U?$less@I@std@@V?$allocator@U?$pair@$$CBIW4PORT@serve@@@std@@@4@@std@@QAE@XZ 10009960 f i NetServeImpl.obj
 0001:00008960       ??1?$map@IPAVCSocket@net@@U?$less@I@std@@V?$allocator@U?$pair@$$CBIPAVCSocket@net@@@std@@@4@@std@@QAE@XZ 10009960 f i ServeSocket.obj
 0001:000089a0       ??1CServeSocket@net@@UAE@XZ 100099a0 f   ServeSocket.obj
 0001:00008ac0       ?Release@CServeSocket@net@@UAEKXZ 10009ac0 f i ServeSocket.obj
 0001:00008ad0       ?RefuseConnect@CServeSocket@net@@UAEX_N@Z 10009ad0 f i ServeSocket.obj
 0001:00008ae0       ?GetSocketAmount@CServeSocket@net@@UAEHXZ 10009ae0 f i ServeSocket.obj
 0001:00008af0       ??A?$map@IW4PORT@serve@@U?$less@I@std@@V?$allocator@U?$pair@$$CBIW4PORT@serve@@@std@@@4@@std@@QAEAAW4PORT@serve@@ABI@Z 10009af0 f i NetServeImpl.obj
 0001:00008af0       ??A?$map@IPAVCSocket@net@@U?$less@I@std@@V?$allocator@U?$pair@$$CBIPAVCSocket@net@@@std@@@4@@std@@QAEAAPAVCSocket@net@@ABI@Z 10009af0 f i ServeSocket.obj
 0001:00008b70       ??$use_facet@V?$num_put@DV?$ostreambuf_iterator@DU?$char_traits@D@std@@@std@@@std@@@std@@YAABV?$num_put@DV?$ostreambuf_iterator@DU?$char_traits@D@std@@@std@@@0@ABVlocale@0@@Z 10009b70 f i ServeSocket.obj
 0001:00008ca0       ??$use_facet@V?$numpunct@D@std@@@std@@YAABV?$numpunct@D@0@ABVlocale@0@@Z 10009ca0 f i ServeSocket.obj
 0001:00008dd0       ??0CServeSocket@net@@QAE@AAVIServeSocketEvent@1@PAVIEncryptor@1@1@Z 10009dd0 f   ServeSocket.obj
 0001:00008ec0       ??_ECServeSocket@net@@UAEPAXI@Z 10009ec0 f i ServeSocket.obj
 0001:00008ec0       ??_GCServeSocket@net@@UAEPAXI@Z 10009ec0 f i ServeSocket.obj
 0001:00008ee0       ?ServeSocketCreate@net@@YAPAVIServeSocket@1@AAVIServeSocketEvent@1@HPADPAVIEncryptor@1@2@Z 10009ee0 f   ServeSocket.obj
 0001:00009080       ?do_put@?$num_put@DV?$ostreambuf_iterator@DU?$char_traits@D@std@@@std@@@std@@MBE?AV?$ostreambuf_iterator@DU?$char_traits@D@std@@@2@V32@AAVios_base@2@D_N@Z 1000a080 f i ServeSocket.obj
 0001:000092d0       ?_Fput@?$num_put@DV?$ostreambuf_iterator@DU?$char_traits@D@std@@@std@@@std@@ABA?AV?$ostreambuf_iterator@DU?$char_traits@D@std@@@2@V32@AAVios_base@2@DPBDIIII@Z 1000a2d0 f i ServeSocket.obj
 0001:000099e0       ?_Iput@?$num_put@DV?$ostreambuf_iterator@DU?$char_traits@D@std@@@std@@@std@@ABA?AV?$ostreambuf_iterator@DU?$char_traits@D@std@@@2@V32@AAVios_base@2@DPADI@Z 1000a9e0 f i ServeSocket.obj
 0001:00009d40       ??6?$basic_ostream@DU?$char_traits@D@std@@@std@@QAEAAV01@I@Z 1000ad40 f i ServeSocket.obj
 0001:00009e90       ?do_put@?$num_put@DV?$ostreambuf_iterator@DU?$char_traits@D@std@@@std@@@std@@MBE?AV?$ostreambuf_iterator@DU?$char_traits@D@std@@@2@V32@AAVios_base@2@DJ@Z 1000ae90 f i ServeSocket.obj
 0001:00009f30       ?do_put@?$num_put@DV?$ostreambuf_iterator@DU?$char_traits@D@std@@@std@@@std@@MBE?AV?$ostreambuf_iterator@DU?$char_traits@D@std@@@2@V32@AAVios_base@2@DK@Z 1000af30 f i ServeSocket.obj
 0001:00009fd0       ?do_put@?$num_put@DV?$ostreambuf_iterator@DU?$char_traits@D@std@@@std@@@std@@MBE?AV?$ostreambuf_iterator@DU?$char_traits@D@std@@@2@V32@AAVios_base@2@D_J@Z 1000afd0 f i ServeSocket.obj
 0001:0000a070       ?do_put@?$num_put@DV?$ostreambuf_iterator@DU?$char_traits@D@std@@@std@@@std@@MBE?AV?$ostreambuf_iterator@DU?$char_traits@D@std@@@2@V32@AAVios_base@2@D_K@Z 1000b070 f i ServeSocket.obj
 0001:0000a110       ?do_put@?$num_put@DV?$ostreambuf_iterator@DU?$char_traits@D@std@@@std@@@std@@MBE?AV?$ostreambuf_iterator@DU?$char_traits@D@std@@@2@V32@AAVios_base@2@DN@Z 1000b110 f i ServeSocket.obj
 0001:0000a300       ?do_put@?$num_put@DV?$ostreambuf_iterator@DU?$char_traits@D@std@@@std@@@std@@MBE?AV?$ostreambuf_iterator@DU?$char_traits@D@std@@@2@V32@AAVios_base@2@DO@Z 1000b300 f i ServeSocket.obj
 0001:0000a4f0       ?do_put@?$num_put@DV?$ostreambuf_iterator@DU?$char_traits@D@std@@@std@@@std@@MBE?AV?$ostreambuf_iterator@DU?$char_traits@D@std@@@2@V32@AAVios_base@2@DPBX@Z 1000b4f0 f i ServeSocket.obj
 0001:0000a570       ?SendMsg@CServeSocket@net@@UAE_NIPBXH@Z 1000b570 f   ServeSocket.obj
 0001:0000a7e0       ?Process@CServeSocket@net@@UAEXXZ 1000b7e0 f   ServeSocket.obj
 0001:0000ac20       _DllMain@12                1000bc20 f   Socket.obj
 0001:0000ac30       ?ClrPacket@CSocket@net@@QAEXH@Z 1000bc30 f   Socket.obj
 0001:0000ac80       ?SocketInit@CSocket@net@@SA_NXZ 1000bc80 f   Socket.obj
 0001:0000ad20       ?DumpError@CSocket@net@@SAHPBD@Z 1000bd20 f   Socket.obj
 0001:0000ad60       ?QueryEncryptor@CSocket@net@@QAEPAVIEncryptor@2@W4ENCRYPTOR_TYPE@2@@Z 1000bd60 f   Socket.obj
 0001:0000ad90       ?ChgEncryptor@CSocket@net@@QAEXW4ENCRYPTOR_TYPE@2@PAVIEncryptor@2@@Z 1000bd90 f   Socket.obj
 0001:0000af90       ?Close@CSocket@net@@QAEXXZ 1000bf90 f   Socket.obj
 0001:0000afe0       ?Send@CSocket@net@@QAE_NPBXH@Z 1000bfe0 f   Socket.obj
 0001:0000b0d0       ?Recv@CSocket@net@@QAEPBDAAH_N@Z 1000c0d0 f   Socket.obj
 0001:0000b260       ??0CSocket@net@@QAE@IPAVIEncryptor@1@0@Z 1000c260 f   Socket.obj
 0001:0000b320       ??1CSocket@net@@UAE@XZ     1000c320 f   Socket.obj
 0001:0000b470       ??_ECSocket@net@@UAEPAXI@Z 1000c470 f i Socket.obj
 0001:0000b470       ??_GCSocket@net@@UAEPAXI@Z 1000c470 f i Socket.obj
 0001:0000b490       ?GetPeerIP@CSocket@net@@QAEPBDXZ 1000c490 f   Socket.obj
 0001:0000b570       ?Alloc@CHeap@sbase@@QAEPAXI@Z 1000c570 f   base:Heap.obj
 0001:0000b5c0       ?IsValidPt@CHeap@sbase@@QAE_NPAX@Z 1000c5c0 f   base:Heap.obj
 0001:0000b610       ?Free@CHeap@sbase@@QAEXPAX@Z 1000c610 f   base:Heap.obj
 0001:0000b670       ??1CHeap@sbase@@QAE@XZ     1000c670 f   base:Heap.obj
 0001:0000b730       ??0CHeap@sbase@@QAE@PBD@Z  1000c730 f   base:Heap.obj
 0001:0000b7c0       ?StrCopy@sbase@@YA_NPADPBDI@Z 1000c7c0 f   base:SvrBase.obj
 0001:0000b820       ?_Max@?$_Tree@V?$_Tmap_traits@KV?$basic_string@DU?$char_traits@D@std@@V?$allocator@D@2@@std@@U?$less@K@2@V?$allocator@U?$pair@$$CBKV?$basic_string@DU?$char_traits@D@std@@V?$allocator@D@2@@std@@@std@@@2@$0A@@std@@@std@@KAPAU_Node@?$_Tree_nod@V?$_Tmap_traits@KV?$basic_string@DU?$char_traits@D@std@@V?$allocator@D@2@@std@@U?$less@K@2@V?$allocator@U?$pair@$$CBKV?$basic_string@DU?$char_traits@D@std@@V?$allocator@D@2@@std@@@std@@@2@$0A@@std@@@2@PAU342@@Z 1000c820 f i base:SvrBase.obj
 0001:0000b820       ?_Max@?$_Tree@V?$_Tmap_traits@V?$basic_string@DU?$char_traits@D@std@@V?$allocator@D@2@@std@@PAVCServe@serve@@U?$less@V?$basic_string@DU?$char_traits@D@std@@V?$allocator@D@2@@std@@@2@V?$allocator@U?$pair@$$CBV?$basic_string@DU?$char_traits@D@std@@V?$allocator@D@2@@std@@PAVCServe@serve@@@std@@@2@$0A@@std@@@std@@KAPAU_Node@?$_Tree_nod@V?$_Tmap_traits@V?$basic_string@DU?$char_traits@D@std@@V?$allocator@D@2@@std@@PAVCServe@serve@@U?$less@V?$basic_string@DU?$char_traits@D@std@@V?$allocator@D@2@@std@@@2@V?$allocator@U?$pair@$$CBV?$basic_string@DU?$char_traits@D@std@@V?$allocator@D@2@@std@@PAVCServe@serve@@@std@@@2@$0A@@std@@@2@PAU342@@Z 1000c820 f i KernelImpl.obj
 0001:0000b840       ?_Inc@const_iterator@?$_Tree@V?$_Tmap_traits@V?$basic_string@DU?$char_traits@D@std@@V?$allocator@D@2@@std@@PAVCServe@serve@@U?$less@V?$basic_string@DU?$char_traits@D@std@@V?$allocator@D@2@@std@@@2@V?$allocator@U?$pair@$$CBV?$basic_string@DU?$char_traits@D@std@@V?$allocator@D@2@@std@@PAVCServe@serve@@@std@@@2@$0A@@std@@@std@@QAEXXZ 1000c840 f i KernelImpl.obj
 0001:0000b840       ?_Inc@const_iterator@?$_Tree@V?$_Tmap_traits@KV?$basic_string@DU?$char_traits@D@std@@V?$allocator@D@2@@std@@U?$less@K@2@V?$allocator@U?$pair@$$CBKV?$basic_string@DU?$char_traits@D@std@@V?$allocator@D@2@@std@@@std@@@2@$0A@@std@@@std@@QAEXXZ 1000c840 f i base:SvrBase.obj
 0001:0000b8b0       ??$sprintf_s@$0BAA@@@YAHAAY0BAA@DPBDZZ 1000c8b0 f i base:SvrBase.obj
 0001:0000b8d0       ?LogSave@sbase@@YAXPBD0ZZ  1000c8d0 f   base:SvrBase.obj
 0001:0000ba80       ?SysLogSave@sbase@@YAXPBDZZ 1000ca80 f   base:SvrBase.obj
 0001:0000bab0       ?DebugMsg@sbase@@YAXPBDZZ  1000cab0 f   base:SvrBase.obj
 0001:0000bb20       ?_Lrotate@?$_Tree@V?$_Tmap_traits@V?$basic_string@DU?$char_traits@D@std@@V?$allocator@D@2@@std@@PAVCServe@serve@@U?$less@V?$basic_string@DU?$char_traits@D@std@@V?$allocator@D@2@@std@@@2@V?$allocator@U?$pair@$$CBV?$basic_string@DU?$char_traits@D@std@@V?$allocator@D@2@@std@@PAVCServe@serve@@@std@@@2@$0A@@std@@@std@@IAEXPAU_Node@?$_Tree_nod@V?$_Tmap_traits@V?$basic_string@DU?$char_traits@D@std@@V?$allocator@D@2@@std@@PAVCServe@serve@@U?$less@V?$basic_string@DU?$char_traits@D@std@@V?$allocator@D@2@@std@@@2@V?$allocator@U?$pair@$$CBV?$basic_string@DU?$char_traits@D@std@@V?$allocator@D@2@@std@@PAVCServe@serve@@@std@@@2@$0A@@std@@@2@@Z 1000cb20 f i KernelImpl.obj
 0001:0000bb20       ?_Lrotate@?$_Tree@V?$_Tmap_traits@KV?$basic_string@DU?$char_traits@D@std@@V?$allocator@D@2@@std@@U?$less@K@2@V?$allocator@U?$pair@$$CBKV?$basic_string@DU?$char_traits@D@std@@V?$allocator@D@2@@std@@@std@@@2@$0A@@std@@@std@@IAEXPAU_Node@?$_Tree_nod@V?$_Tmap_traits@KV?$basic_string@DU?$char_traits@D@std@@V?$allocator@D@2@@std@@U?$less@K@2@V?$allocator@U?$pair@$$CBKV?$basic_string@DU?$char_traits@D@std@@V?$allocator@D@2@@std@@@std@@@2@$0A@@std@@@2@@Z 1000cb20 f i base:SvrBase.obj
 0001:0000bb70       ?_Rrotate@?$_Tree@V?$_Tmap_traits@KV?$basic_string@DU?$char_traits@D@std@@V?$allocator@D@2@@std@@U?$less@K@2@V?$allocator@U?$pair@$$CBKV?$basic_string@DU?$char_traits@D@std@@V?$allocator@D@2@@std@@@std@@@2@$0A@@std@@@std@@IAEXPAU_Node@?$_Tree_nod@V?$_Tmap_traits@KV?$basic_string@DU?$char_traits@D@std@@V?$allocator@D@2@@std@@U?$less@K@2@V?$allocator@U?$pair@$$CBKV?$basic_string@DU?$char_traits@D@std@@V?$allocator@D@2@@std@@@std@@@2@$0A@@std@@@2@@Z 1000cb70 f i base:SvrBase.obj
 0001:0000bb70       ?_Rrotate@?$_Tree@V?$_Tmap_traits@V?$basic_string@DU?$char_traits@D@std@@V?$allocator@D@2@@std@@PAVCServe@serve@@U?$less@V?$basic_string@DU?$char_traits@D@std@@V?$allocator@D@2@@std@@@2@V?$allocator@U?$pair@$$CBV?$basic_string@DU?$char_traits@D@std@@V?$allocator@D@2@@std@@PAVCServe@serve@@@std@@@2@$0A@@std@@@std@@IAEXPAU_Node@?$_Tree_nod@V?$_Tmap_traits@V?$basic_string@DU?$char_traits@D@std@@V?$allocator@D@2@@std@@PAVCServe@serve@@U?$less@V?$basic_string@DU?$char_traits@D@std@@V?$allocator@D@2@@std@@@2@V?$allocator@U?$pair@$$CBV?$basic_string@DU?$char_traits@D@std@@V?$allocator@D@2@@std@@PAVCServe@serve@@@std@@@2@$0A@@std@@@2@@Z 1000cb70 f i KernelImpl.obj
 0001:0000bbd0       ?_Buynode@?$_Tree@V?$_Tmap_traits@V?$basic_string@DU?$char_traits@D@std@@V?$allocator@D@2@@std@@PAVCServe@serve@@U?$less@V?$basic_string@DU?$char_traits@D@std@@V?$allocator@D@2@@std@@@2@V?$allocator@U?$pair@$$CBV?$basic_string@DU?$char_traits@D@std@@V?$allocator@D@2@@std@@PAVCServe@serve@@@std@@@2@$0A@@std@@@std@@IAEPAU_Node@?$_Tree_nod@V?$_Tmap_traits@V?$basic_string@DU?$char_traits@D@std@@V?$allocator@D@2@@std@@PAVCServe@serve@@U?$less@V?$basic_string@DU?$char_traits@D@std@@V?$allocator@D@2@@std@@@2@V?$allocator@U?$pair@$$CBV?$basic_string@DU?$char_traits@D@std@@V?$allocator@D@2@@std@@PAVCServe@serve@@@std@@@2@$0A@@std@@@2@XZ 1000cbd0 f i KernelImpl.obj
 0001:0000bbd0       ?_Buynode@?$_Tree@V?$_Tmap_traits@KV?$basic_string@DU?$char_traits@D@std@@V?$allocator@D@2@@std@@U?$less@K@2@V?$allocator@U?$pair@$$CBKV?$basic_string@DU?$char_traits@D@std@@V?$allocator@D@2@@std@@@std@@@2@$0A@@std@@@std@@IAEPAU_Node@?$_Tree_nod@V?$_Tmap_traits@KV?$basic_string@DU?$char_traits@D@std@@V?$allocator@D@2@@std@@U?$less@K@2@V?$allocator@U?$pair@$$CBKV?$basic_string@DU?$char_traits@D@std@@V?$allocator@D@2@@std@@@std@@@2@$0A@@std@@@2@XZ 1000cbd0 f i base:SvrBase.obj
 0001:0000bc10       ?erase@?$_Tree@V?$_Tmap_traits@KV?$basic_string@DU?$char_traits@D@std@@V?$allocator@D@2@@std@@U?$less@K@2@V?$allocator@U?$pair@$$CBKV?$basic_string@DU?$char_traits@D@std@@V?$allocator@D@2@@std@@@std@@@2@$0A@@std@@@std@@QAE?AViterator@12@V312@@Z 1000cc10 f i base:SvrBase.obj
 0001:0000bf00       ?_Erase@?$_Tree@V?$_Tmap_traits@KV?$basic_string@DU?$char_traits@D@std@@V?$allocator@D@2@@std@@U?$less@K@2@V?$allocator@U?$pair@$$CBKV?$basic_string@DU?$char_traits@D@std@@V?$allocator@D@2@@std@@@std@@@2@$0A@@std@@@std@@IAEXPAU_Node@?$_Tree_nod@V?$_Tmap_traits@KV?$basic_string@DU?$char_traits@D@std@@V?$allocator@D@2@@std@@U?$less@K@2@V?$allocator@U?$pair@$$CBKV?$basic_string@DU?$char_traits@D@std@@V?$allocator@D@2@@std@@@std@@@2@$0A@@std@@@2@@Z 1000cf00 f i base:SvrBase.obj
 0001:0000bf60       ?erase@?$_Tree@V?$_Tmap_traits@KV?$basic_string@DU?$char_traits@D@std@@V?$allocator@D@2@@std@@U?$less@K@2@V?$allocator@U?$pair@$$CBKV?$basic_string@DU?$char_traits@D@std@@V?$allocator@D@2@@std@@@std@@@2@$0A@@std@@@std@@QAE?AViterator@12@V312@0@Z 1000cf60 f i base:SvrBase.obj
 0001:0000c030       ??0IMessage@sbase@@QAE@HHPBXHH@Z 1000d030 f   base:IMessage.obj
 0001:0000c0b0       ??0IMessage@sbase@@QAE@ABV01@@Z 1000d0b0 f   base:IMessage.obj
 0001:0000c0e0       ?Init@CMsg@sbase@@IAEXXZ   1000d0e0 f   base:Msg.obj
 0001:0000c110       ?Create@CMsg@sbase@@UAE_NPBXG@Z 1000d110 f   base:Msg.obj
 0001:0000c180       ??0CIniFile@sbase@@QAE@PBD0@Z 1000d180 f   base:IniFile.obj
 0001:0000c230       ?GetString@CIniFile@sbase@@QAE_NPBDPADH@Z 1000d230 f   base:IniFile.obj
 0001:0000c4a0       ?GetInt@CIniFile@sbase@@QAEHPBD@Z 1000d4a0 f   base:IniFile.obj
 0001:0000c510       ?RunThread@CThread@sbase@@CGKPAX@Z 1000d510 f   base:Thread.obj
 0001:0000c5d0       ??1CThread@sbase@@UAE@XZ   1000d5d0 f   base:Thread.obj
 0001:0000c690       ?Init@CThread@sbase@@QAE_N_NK@Z 1000d690 f   base:Thread.obj
 0001:0000c740       ?CreateNew@CThread@sbase@@SAPAV12@AAVIThreadEvent@2@_NK@Z 1000d740 f   base:Thread.obj
 0001:0000c7a0       ??_GCThread@sbase@@UAEPAXI@Z 1000d7a0 f i base:Thread.obj
 0001:0000c7a0       ??_ECThread@sbase@@UAEPAXI@Z 1000d7a0 f i base:Thread.obj
 0001:0000c7be       ??_U@YAPAXI@Z              1000d7be f   libcpmt:newaop.obj
 0001:0000c7c3       ?_Xlen@_String_base@std@@SAXXZ 1000d7c3 f   libcpmt:string.obj
 0001:0000c802       ?_Xran@_String_base@std@@SAXXZ 1000d802 f   libcpmt:string.obj
 0001:0000c841       ??0_Mutex@std@@QAE@XZ      1000d841 f   libcpmt:xmutex.obj
 0001:0000c859       ??1_Mutex@std@@QAE@XZ      1000d859 f   libcpmt:xmutex.obj
 0001:0000c86e       ?_Lock@_Mutex@std@@QAEXXZ  1000d86e f   libcpmt:xmutex.obj
 0001:0000c877       ?_Unlock@_Mutex@std@@QAEXXZ 1000d877 f   libcpmt:xmutex.obj
 0001:0000c880       ?uncaught_exception@std@@YA_NXZ 1000d880 f   libcpmt:uncaught.obj
 0001:0000c885       ?_Getctype@_Locinfo@std@@QBE?AU_Ctypevec@@XZ 1000d885 f i libcpmt:cout.obj
 0001:0000c8a8       ??0locale@std@@QAE@XZ      1000d8a8 f i libcpmt:cout.obj
 0001:0000c8c2       ?_Init@?$ctype@D@std@@IAEXABV_Locinfo@2@@Z 1000d8c2 f i libcpmt:cout.obj
 0001:0000c8e7       ?_Tidy@?$ctype@D@std@@IAEXXZ 1000d8e7 f i libcpmt:cout.obj
 0001:0000c904       ??1?$basic_ios@DU?$char_traits@D@std@@@std@@UAE@XZ 1000d904 f i libcpmt:cout.obj
 0001:0000c912       ??_G?$basic_ios@DU?$char_traits@D@std@@@std@@UAEPAXI@Z 1000d912 f i libcpmt:cout.obj
 0001:0000c912       ??_E?$basic_ios@DU?$char_traits@D@std@@@std@@UAEPAXI@Z 1000d912 f i libcpmt:cout.obj
 0001:0000c912       ??_Gios_base@std@@UAEPAXI@Z 1000d912 f i libcpmt:cout.obj
 0001:0000c912       ??_Eios_base@std@@UAEPAXI@Z 1000d912 f i libcpmt:cout.obj
 0001:0000c936       ?_Init@?$basic_streambuf@DU?$char_traits@D@std@@@std@@IAEXPAPAD0PAH001@Z 1000d936 f i libcpmt:cout.obj
 0001:0000c961       ??D?$_String_const_iterator@DU?$char_traits@D@std@@V?$allocator@D@2@@std@@QBEABDXZ 1000d961 f i libcpmt:cout.obj
 0001:0000c998       ??_D?$basic_ostream@DU?$char_traits@D@std@@@std@@QAEXXZ 1000d998 f i libcpmt:cout.obj
 0001:0000c9b7       ??0_Init_cout@std@@QAE@XZ  1000d9b7 f i libcpmt:cout.obj
 0001:0000ca0c       ??1?$basic_streambuf@DU?$char_traits@D@std@@@std@@UAE@XZ 1000da0c f i libcpmt:cout.obj
 0001:0000ca35       ?overflow@?$basic_streambuf@DU?$char_traits@D@std@@@std@@MAEHH@Z 1000da35 f i libcpmt:cout.obj
 0001:0000ca35       ?pbackfail@?$basic_streambuf@DU?$char_traits@D@std@@@std@@MAEHH@Z 1000da35 f i libcpmt:cout.obj
 0001:0000ca3b       ___init_collate            1000da3b f i LIBCMT:initcoll.obj
 0001:0000ca3b       __matherr                  1000da3b f i LIBCMT:matherr.obj
 0001:0000ca3b       ?sync@?$basic_streambuf@DU?$char_traits@D@std@@@std@@MAEHXZ 1000da3b f i libcpmt:cout.obj
 0001:0000ca3b       ___init_dummy              1000da3b f i LIBCMT:setlocal.obj
 0001:0000ca3b       ?showmanyc@?$basic_streambuf@DU?$char_traits@D@std@@@std@@MAEHXZ 1000da3b f i libcpmt:cout.obj
 0001:0000ca3e       ?underflow@?$basic_streambuf@DU?$char_traits@D@std@@@std@@MAEHXZ 1000da3e f i libcpmt:cout.obj
 0001:0000ca42       ?xsgetn@?$basic_streambuf@DU?$char_traits@D@std@@@std@@MAEHPADH@Z 1000da42 f i libcpmt:cout.obj
 0001:0000ca54       ?setbuf@?$basic_streambuf@DU?$char_traits@D@std@@@std@@MAEPAV12@PADH@Z 1000da54 f i libcpmt:cout.obj
 0001:0000ca59       ?imbue@?$basic_streambuf@DU?$char_traits@D@std@@@std@@MAEXABVlocale@2@@Z 1000da59 f i libcpmt:cout.obj
 0001:0000ca5c       ?uflow@?$basic_streambuf@DU?$char_traits@D@std@@@std@@MAEHXZ 1000da5c f i libcpmt:cout.obj
 0001:0000ca81       ?seekoff@?$basic_streambuf@DU?$char_traits@D@std@@@std@@MAE?AV?$fpos@H@2@JHH@Z 1000da81 f i libcpmt:cout.obj
 0001:0000ca9b       ?seekpos@?$basic_streambuf@DU?$char_traits@D@std@@@std@@MAE?AV?$fpos@H@2@V32@H@Z 1000da9b f i libcpmt:cout.obj
 0001:0000cab5       ??_E?$basic_ostream@DU?$char_traits@D@std@@@std@@UAEPAXI@Z 1000dab5 f i libcpmt:cout.obj
 0001:0000cab5       ??_G?$basic_ostream@DU?$char_traits@D@std@@@std@@UAEPAXI@Z 1000dab5 f i libcpmt:cout.obj
 0001:0000cad4       ??_G?$basic_streambuf@DU?$char_traits@D@std@@@std@@UAEPAXI@Z 1000dad4 f i libcpmt:cout.obj
 0001:0000cad4       ??_E?$basic_streambuf@DU?$char_traits@D@std@@@std@@UAEPAXI@Z 1000dad4 f i libcpmt:cout.obj
 0001:0000caf0       ?_Init@?$basic_streambuf@DU?$char_traits@D@std@@@std@@IAEXXZ 1000daf0 f i libcpmt:cout.obj
 0001:0000cb32       ??0?$_String_const_iterator@DU?$char_traits@D@std@@V?$allocator@D@2@@std@@QAE@PBDPBU_Container_base@1@@Z 1000db32 f i libcpmt:cout.obj
 0001:0000cb81       ?_Xsgetn_s@?$basic_streambuf@DU?$char_traits@D@std@@@std@@MAEHPADIH@Z 1000db81 f i libcpmt:cout.obj
 0001:0000cbfc       ?xsputn@?$basic_streambuf@DU?$char_traits@D@std@@@std@@MAEHPBDH@Z 1000dbfc f i libcpmt:cout.obj
 0001:0000cc79       ??0?$basic_streambuf@DU?$char_traits@D@std@@@std@@IAE@XZ 1000dc79 f i libcpmt:cout.obj
 0001:0000ccc5       ?_Init@?$basic_filebuf@DU?$char_traits@D@std@@@std@@IAEXPAU_iobuf@@W4_Initfl@12@@Z 1000dcc5 f i libcpmt:cout.obj
 0001:0000cd0c       ??0?$basic_filebuf@DU?$char_traits@D@std@@@std@@QAE@PAU_iobuf@@@Z 1000dd0c f i libcpmt:cout.obj
 0001:0000cd2d       ??1codecvt_base@std@@UAE@XZ 1000dd2d f i libcpmt:cout.obj
 0001:0000cd2d       ??1ctype_base@std@@UAE@XZ  1000dd2d f i libcpmt:cout.obj
 0001:0000cd34       ?do_always_noconv@codecvt_base@std@@MBE_NXZ 1000dd34 f i libcpmt:cout.obj
 0001:0000cd37       ?do_max_length@codecvt_base@std@@MBEHXZ 1000dd37 f i libcpmt:cout.obj
 0001:0000cd37       ?do_encoding@codecvt_base@std@@MBEHXZ 1000dd37 f i libcpmt:cout.obj
 0001:0000cd3b       ??$_Fgetc@D@std@@YA_NAADPAU_iobuf@@@Z 1000dd3b f i libcpmt:cout.obj
 0001:0000cd56       ??$_Fputc@D@std@@YA_NDPAU_iobuf@@@Z 1000dd56 f i libcpmt:cout.obj
 0001:0000cd72       ??$_Ungetc@D@std@@YA_NABDPAU_iobuf@@@Z 1000dd72 f i libcpmt:cout.obj
 0001:0000cd90       ?sync@?$basic_filebuf@DU?$char_traits@D@std@@@std@@MAEHXZ 1000dd90 f i libcpmt:cout.obj
 0001:0000cdbb       ?pbackfail@?$basic_filebuf@DU?$char_traits@D@std@@@std@@MAEHH@Z 1000ddbb f i libcpmt:cout.obj
 0001:0000ce25       ?underflow@?$basic_filebuf@DU?$char_traits@D@std@@@std@@MAEHXZ 1000de25 f i libcpmt:cout.obj
 0001:0000ce61       ?_Initcvt@?$basic_filebuf@DU?$char_traits@D@std@@@std@@IAEXPAV?$codecvt@DDH@2@@Z 1000de61 f i libcpmt:cout.obj
 0001:0000ce89       ?setbuf@?$basic_filebuf@DU?$char_traits@D@std@@@std@@MAEPAV?$basic_streambuf@DU?$char_traits@D@std@@@2@PADH@Z 1000de89 f i libcpmt:cout.obj
 0001:0000ced0       ?begin@?$basic_string@DU?$char_traits@D@std@@V?$allocator@D@2@@std@@QAE?AV?$_String_iterator@DU?$char_traits@D@std@@V?$allocator@D@2@@2@XZ 1000ded0 f i libcpmt:cout.obj
 0001:0000cef0       ?assign@?$basic_string@DU?$char_traits@D@std@@V?$allocator@D@2@@std@@QAEAAV12@ID@Z 1000def0 f i libcpmt:cout.obj
 0001:0000cf2d       ?uflow@?$basic_filebuf@DU?$char_traits@D@std@@@std@@MAEHXZ 1000df2d f i libcpmt:cout.obj
 0001:0000d0ce       ??0?$basic_string@DU?$char_traits@D@std@@V?$allocator@D@2@@std@@QAE@ID@Z 1000e0ce f i libcpmt:cout.obj
 0001:0000d0f4       ?_Endwrite@?$basic_filebuf@DU?$char_traits@D@std@@@std@@IAE_NXZ 1000e0f4 f i libcpmt:cout.obj
 0001:0000d208       ?overflow@?$basic_filebuf@DU?$char_traits@D@std@@@std@@MAEHH@Z 1000e208 f i libcpmt:cout.obj
 0001:0000d3b7       ?seekoff@?$basic_filebuf@DU?$char_traits@D@std@@@std@@MAE?AV?$fpos@H@2@JHH@Z 1000e3b7 f i libcpmt:cout.obj
 0001:0000d46f       ?seekpos@?$basic_filebuf@DU?$char_traits@D@std@@@std@@MAE?AV?$fpos@H@2@V32@H@Z 1000e46f f i libcpmt:cout.obj
 0001:0000d531       ?close@?$basic_filebuf@DU?$char_traits@D@std@@@std@@QAEPAV12@XZ 1000e531 f i libcpmt:cout.obj
 0001:0000d57a       ??0?$ctype@D@std@@QAE@PBF_NI@Z 1000e57a f i libcpmt:cout.obj
 0001:0000d5ec       ?do_tolower@?$ctype@D@std@@MBEDD@Z 1000e5ec f i libcpmt:cout.obj
 0001:0000d600       ?do_tolower@?$ctype@D@std@@MBEPBDPADPBD@Z 1000e600 f i libcpmt:cout.obj
 0001:0000d62b       ?do_toupper@?$ctype@D@std@@MBEDD@Z 1000e62b f i libcpmt:cout.obj
 0001:0000d63f       ?do_toupper@?$ctype@D@std@@MBEPBDPADPBD@Z 1000e63f f i libcpmt:cout.obj
 0001:0000d66a       ?do_widen@?$ctype@D@std@@MBEDD@Z 1000e66a f i libcpmt:cout.obj
 0001:0000d671       ?do_widen@?$ctype@D@std@@MBEPBDPBD0PAD@Z 1000e671 f i libcpmt:cout.obj
 0001:0000d68d       ?_Do_widen_s@?$ctype@D@std@@MBEPBDPBD0PADI@Z 1000e68d f i libcpmt:cout.obj
[...]
 0001:00026668       __ehhandler$?_Incsize@?$list@IV?$allocator@I@std@@@std@@IAEXI@Z 10027668 f   RouterPort.obj
 0001:00026668       __ehhandler$?_Incsize@?$list@PAVIMessage@sbase@@V?$allocator@PAVIMessage@sbase@@@std@@@std@@IAEXI@Z 10027668 f   RouterPort.obj
 0001:00026690       __unwindfunclet$?PushMsg@CRouterPort@serve@@UAE_NPAVIMessage@sbase@@@Z$0 10027690 f   RouterPort.obj
 0001:0002669b       __ehhandler$?PushMsg@CRouterPort@serve@@UAE_NPAVIMessage@sbase@@@Z 1002769b f   RouterPort.obj
 0001:000266d0       __unwindfunclet$?PushOutMsg@CRouterPort@serve@@QAE_NPAVIMessage@sbase@@@Z$0 100276d0 f   RouterPort.obj
 0001:000266d8       __ehhandler$?PushOutMsg@CRouterPort@serve@@QAE_NPAVIMessage@sbase@@@Z 100276d8 f   RouterPort.obj
 0001:00026700       __ehhandler$??1CServe@serve@@UAE@XZ 10027700 f   Serve.obj
 0001:00026720       __unwindfunclet$??1_Locinfo@std@@QAE@XZ$0 10027720 f   ServeSocket.obj
 0001:00026728       __unwindfunclet$??1_Locinfo@std@@QAE@XZ$1 10027728 f   ServeSocket.obj
 0001:00026733       __unwindfunclet$??1_Locinfo@std@@QAE@XZ$2 10027733 f   ServeSocket.obj
 0001:0002673e       __unwindfunclet$??1_Locinfo@std@@QAE@XZ$3 1002773e f   ServeSocket.obj
 0001:00026749       __unwindfunclet$??1_Locinfo@std@@QAE@XZ$4 10027749 f   ServeSocket.obj
 0001:00026754       __ehhandler$??1_Locinfo@std@@QAE@XZ 10027754 f   ServeSocket.obj
 0001:00026770       __ehhandler$?CloseAll@CServeSocket@net@@IAEXXZ 10027770 f   ServeSocket.obj
 0001:00026790       __unwindfunclet$??1CListenSocket@net@@UAE@XZ$0 10027790 f   ServeSocket.obj
 0001:0002679b       __ehhandler$??1CListenSocket@net@@UAE@XZ 1002779b f   ServeSocket.obj
 0001:000267c0       __unwindfunclet$?erase@?$_Tree@V?$_Tmap_traits@KV?$basic_string@DU?$char_traits@D@std@@V?$allocator@D@2@@std@@U?$less@K@2@V?$allocator@U?$pair@$$CBKV?$basic_string@DU?$char_traits@D@std@@V?$allocator@D@2@@std@@@std@@@2@$0A@@std@@@std@@QAE?AViterator@12@V312@@Z$0 100277c0 f   ServeSocket.obj
 0001:000267c0       __unwindfunclet$?erase@?$_Tree@V?$_Tmap_traits@V?$basic_string@DU?$char_traits@D@std@@V?$allocator@D@2@@std@@PAVCServe@serve@@U?$less@V?$basic_string@DU?$char_traits@D@std@@V?$allocator@D@2@@std@@@2@V?$allocator@U?$pair@$$CBV?$basic_string@DU?$char_traits@D@std@@V?$allocator@D@2@@std@@PAVCServe@serve@@@std@@@2@$0A@@std@@@std@@QAE?AViterator@12@V312@@Z$0 100277c0 f   ServeSocket.obj
 0001:000267c0       __unwindfunclet$?erase@?$_Tree@V?$_Tmap_traits@IPAVCSocket@net@@U?$less@I@std@@V?$allocator@U?$pair@$$CBIPAVCSocket@net@@@std@@@4@$0A@@std@@@std@@QAE?AViterator@12@V312@@Z$0 100277c0 f   ServeSocket.obj
 0001:000267c0       __unwindfunclet$?erase@?$_Tree@V?$_Tmap_traits@IW4PORT@serve@@U?$less@I@std@@V?$allocator@U?$pair@$$CBIW4PORT@serve@@@std@@@4@$0A@@std@@@std@@QAE?AViterator@12@V312@@Z$0 100277c0 f   ServeSocket.obj
 0001:000267c0       __unwindfunclet$?erase@?$_Tree@V?$_Tmap_traits@GPAVCServe@serve@@U?$less@G@std@@V?$allocator@U?$pair@$$CBGPAVCServe@serve@@@std@@@4@$0A@@std@@@std@@QAE?AViterator@12@V312@@Z$0 100277c0 f   ServeSocket.obj
 0001:000267c8       __ehhandler$?erase@?$_Tree@V?$_Tmap_traits@IPAVCSocket@net@@U?$less@I@std@@V?$allocator@U?$pair@$$CBIPAVCSocket@net@@@std@@@4@$0A@@std@@@std@@QAE?AViterator@12@V312@@Z 100277c8 f   ServeSocket.obj
 0001:000267c8       __ehhandler$?erase@?$_Tree@V?$_Tmap_traits@GPAVCServe@serve@@U?$less@G@std@@V?$allocator@U?$pair@$$CBGPAVCServe@serve@@@std@@@4@$0A@@std@@@std@@QAE?AViterator@12@V312@@Z 100277c8 f   ServeSocket.obj
 0001:000267c8       __ehhandler$?erase@?$_Tree@V?$_Tmap_traits@V?$basic_string@DU?$char_traits@D@std@@V?$allocator@D@2@@std@@PAVCServe@serve@@U?$less@V?$basic_string@DU?$char_traits@D@std@@V?$allocator@D@2@@std@@@2@V?$allocator@U?$pair@$$CBV?$basic_string@DU?$char_traits@D@std@@V?$allocator@D@2@@std@@PAVCServe@serve@@@std@@@2@$0A@@std@@@std@@QAE?AViterator@12@V312@@Z 100277c8 f   ServeSocket.obj
 0001:000267c8       __ehhandler$?erase@?$_Tree@V?$_Tmap_traits@KV?$basic_string@DU?$char_traits@D@std@@V?$allocator@D@2@@std@@U?$less@K@2@V?$allocator@U?$pair@$$CBKV?$basic_string@DU?$char_traits@D@std@@V?$allocator@D@2@@std@@@std@@@2@$0A@@std@@@std@@QAE?AViterator@12@V312@@Z 100277c8 f   ServeSocket.obj
 0001:000267c8       __ehhandler$?erase@?$_Tree@V?$_Tmap_traits@IW4PORT@serve@@U?$less@I@std@@V?$allocator@U?$pair@$$CBIW4PORT@serve@@@std@@@4@$0A@@std@@@std@@QAE?AViterator@12@V312@@Z 100277c8 f   ServeSocket.obj
 0001:000267f0       __unwindfunclet$??0_Locinfo@std@@QAE@PBD@Z$0 100277f0 f   ServeSocket.obj
 0001:000267f8       __unwindfunclet$??0_Locinfo@std@@QAE@PBD@Z$1 100277f8 f   ServeSocket.obj
 0001:00026803       __unwindfunclet$??0_Locinfo@std@@QAE@PBD@Z$2 10027803 f   ServeSocket.obj
 0001:0002680e       __unwindfunclet$??0_Locinfo@std@@QAE@PBD@Z$3 1002780e f   ServeSocket.obj
 0001:00026819       __unwindfunclet$??0_Locinfo@std@@QAE@PBD@Z$4 10027819 f   ServeSocket.obj
 0001:00026824       __unwindfunclet$??0_Locinfo@std@@QAE@PBD@Z$5 10027824 f   ServeSocket.obj
 0001:0002682c       __ehhandler$??0_Locinfo@std@@QAE@PBD@Z 1002782c f   ServeSocket.obj
 0001:00026850       __unwindfunclet$??0?$num_put@DV?$ostreambuf_iterator@DU?$char_traits@D@std@@@std@@@std@@QAE@I@Z$0 10027850 f   ServeSocket.obj
 0001:0002685b       __ehhandler$??0?$num_put@DV?$ostreambuf_iterator@DU?$char_traits@D@std@@@std@@@std@@QAE@I@Z 1002785b f   ServeSocket.obj
 0001:00026890       __ehhandler$?_Init@?$numpunct@D@std@@IAEXABV_Locinfo@2@@Z 10027890 f   ServeSocket.obj
 0001:000268b0       __unwindfunclet$??0?$numpunct@D@std@@QAE@I@Z$0 100278b0 f   ServeSocket.obj
 0001:000268bb       __unwindfunclet$??0?$numpunct@D@std@@QAE@I@Z$1 100278bb f   ServeSocket.obj
 0001:000268c6       __ehhandler$??0?$numpunct@D@std@@QAE@I@Z 100278c6 f   ServeSocket.obj
 0001:00026900       __unwindfunclet$?_Getcat@?$numpunct@D@std@@SAIPAPBVfacet@locale@2@@Z$0 10027900 f   ServeSocket.obj
 0001:00026900       __unwindfunclet$?_Getcat@?$num_put@DV?$ostreambuf_iterator@DU?$char_traits@D@std@@@std@@@std@@SAIPAPBVfacet@locale@2@@Z$0 10027900 f   ServeSocket.obj
 0001:0002690b       __ehhandler$?_Getcat@?$num_put@DV?$ostreambuf_iterator@DU?$char_traits@D@std@@@std@@@std@@SAIPAPBVfacet@locale@2@@Z 1002790b f   ServeSocket.obj
 0001:0002690b       __ehhandler$?_Getcat@?$numpunct@D@std@@SAIPAPBVfacet@locale@2@@Z 1002790b f   ServeSocket.obj
 0001:00026930       __unwindfunclet$?CleanUp@CServeSocket@net@@QAEXI@Z$0 10027930 f   ServeSocket.obj
 0001:00026938       __ehhandler$?CleanUp@CServeSocket@net@@QAEXI@Z 10027938 f   ServeSocket.obj
 0001:00026960       __unwindfunclet$??1CServeSocket@net@@UAE@XZ$4 10027960 f   ServeSocket.obj
 0001:0002696b       __unwindfunclet$??1CServeSocket@net@@UAE@XZ$5 1002796b f   ServeSocket.obj
 0001:00026976       __unwindfunclet$??1CServeSocket@net@@UAE@XZ$6 10027976 f   ServeSocket.obj
 0001:00026981       __ehhandler$??1CServeSocket@net@@UAE@XZ 10027981 f   ServeSocket.obj
 0001:000269a0       __unwindfunclet$??$use_facet@V?$numpunct@D@std@@@std@@YAABV?$numpunct@D@0@ABVlocale@0@@Z$0 100279a0 f   ServeSocket.obj
 0001:000269a0       __unwindfunclet$??$use_facet@V?$num_put@DV?$ostreambuf_iterator@DU?$char_traits@D@std@@@std@@@std@@@std@@YAABV?$num_put@DV?$ostreambuf_iterator@DU?$char_traits@D@std@@@std@@@0@ABVlocale@0@@Z$0 100279a0 f   ServeSocket.obj
 0001:000269a8       __ehhandler$??$use_facet@V?$num_put@DV?$ostreambuf_iterator@DU?$char_traits@D@std@@@std@@@std@@@std@@YAABV?$num_put@DV?$ostreambuf_iterator@DU?$char_traits@D@std@@@std@@@0@ABVlocale@0@@Z 100279a8 f   ServeSocket.obj
 0001:000269a8       __ehhandler$??$use_facet@V?$numpunct@D@std@@@std@@YAABV?$numpunct@D@0@ABVlocale@0@@Z 100279a8 f   ServeSocket.obj
 0001:000269d0       __unwindfunclet$??0CServeSocket@net@@QAE@AAVIServeSocketEvent@1@PAVIEncryptor@1@1@Z$0 100279d0 f   ServeSocket.obj
 0001:000269db       __unwindfunclet$??0CServeSocket@net@@QAE@AAVIServeSocketEvent@1@PAVIEncryptor@1@1@Z$1 100279db f   ServeSocket.obj
 0001:000269e6       __unwindfunclet$??0CServeSocket@net@@QAE@AAVIServeSocketEvent@1@PAVIEncryptor@1@1@Z$2 100279e6 f   ServeSocket.obj
 0001:000269f1       __ehhandler$??0CServeSocket@net@@QAE@AAVIServeSocketEvent@1@PAVIEncryptor@1@1@Z 100279f1 f   ServeSocket.obj
 0001:00026a10       __unwindfunclet$?ServeSocketCreate@net@@YAPAVIServeSocket@1@AAVIServeSocketEvent@1@HPADPAVIEncryptor@1@2@Z$6 10027a10 f   ServeSocket.obj
 0001:00026a1b       __ehhandler$?ServeSocketCreate@net@@YAPAVIServeSocket@1@AAVIServeSocketEvent@1@HPADPAVIEncryptor@1@2@Z 10027a1b f   ServeSocket.obj
 0001:00026a40       __unwindfunclet$?do_put@?$num_put@DV?$ostreambuf_iterator@DU?$char_traits@D@std@@@std@@@std@@MBE?AV?$ostreambuf_iterator@DU?$char_traits@D@std@@@2@V32@AAVios_base@2@D_N@Z$0 10027a40 f   ServeSocket.obj
 0001:00026a48       __unwindfunclet$?do_put@?$num_put@DV?$ostreambuf_iterator@DU?$char_traits@D@std@@@std@@@std@@MBE?AV?$ostreambuf_iterator@DU?$char_traits@D@std@@@2@V32@AAVios_base@2@D_N@Z$1 10027a48 f   ServeSocket.obj
 0001:00026a50       __unwindfunclet$?do_put@?$num_put@DV?$ostreambuf_iterator@DU?$char_traits@D@std@@@std@@@std@@MBE?AV?$ostreambuf_iterator@DU?$char_traits@D@std@@@2@V32@AAVios_base@2@D_N@Z$2 10027a50 f   ServeSocket.obj
 0001:00026a58       __unwindfunclet$?do_put@?$num_put@DV?$ostreambuf_iterator@DU?$char_traits@D@std@@@std@@@std@@MBE?AV?$ostreambuf_iterator@DU?$char_traits@D@std@@@2@V32@AAVios_base@2@D_N@Z$3 10027a58 f   ServeSocket.obj
 0001:00026a60       __ehhandler$?do_put@?$num_put@DV?$ostreambuf_iterator@DU?$char_traits@D@std@@@std@@@std@@MBE?AV?$ostreambuf_iterator@DU?$char_traits@D@std@@@2@V32@AAVios_base@2@D_N@Z 10027a60 f   ServeSocket.obj
 0001:00026a90       __unwindfunclet$?_Fput@?$num_put@DV?$ostreambuf_iterator@DU?$char_traits@D@std@@@std@@@std@@ABA?AV?$ostreambuf_iterator@DU?$char_traits@D@std@@@2@V32@AAVios_base@2@DPBDIIII@Z$0 10027a90 f   ServeSocket.obj
 0001:00026a98       __unwindfunclet$?_Fput@?$num_put@DV?$ostreambuf_iterator@DU?$char_traits@D@std@@@std@@@std@@ABA?AV?$ostreambuf_iterator@DU?$char_traits@D@std@@@2@V32@AAVios_base@2@DPBDIIII@Z$1 10027a98 f   ServeSocket.obj
 0001:00026aa0       __unwindfunclet$?_Fput@?$num_put@DV?$ostreambuf_iterator@DU?$char_traits@D@std@@@std@@@std@@ABA?AV?$ostreambuf_iterator@DU?$char_traits@D@std@@@2@V32@AAVios_base@2@DPBDIIII@Z$2 10027aa0 f   ServeSocket.obj
 0001:00026aa8       __ehhandler$?_Fput@?$num_put@DV?$ostreambuf_iterator@DU?$char_traits@D@std@@@std@@@std@@ABA?AV?$ostreambuf_iterator@DU?$char_traits@D@std@@@2@V32@AAVios_base@2@DPBDIIII@Z 10027aa8 f   ServeSocket.obj
 0001:00026ad0       __unwindfunclet$?_Iput@?$num_put@DV?$ostreambuf_iterator@DU?$char_traits@D@std@@@std@@@std@@ABA?AV?$ostreambuf_iterator@DU?$char_traits@D@std@@@2@V32@AAVios_base@2@DPADI@Z$0 10027ad0 f   ServeSocket.obj
 0001:00026ad8       __unwindfunclet$?_Iput@?$num_put@DV?$ostreambuf_iterator@DU?$char_traits@D@std@@@std@@@std@@ABA?AV?$ostreambuf_iterator@DU?$char_traits@D@std@@@2@V32@AAVios_base@2@DPADI@Z$1 10027ad8 f   ServeSocket.obj
 0001:00026ae0       __ehhandler$?_Iput@?$num_put@DV?$ostreambuf_iterator@DU?$char_traits@D@std@@@std@@@std@@ABA?AV?$ostreambuf_iterator@DU?$char_traits@D@std@@@2@V32@AAVios_base@2@DPADI@Z 10027ae0 f   ServeSocket.obj
 0001:00026b10       __unwindfunclet$??6?$basic_ostream@DU?$char_traits@D@std@@@std@@QAEAAV01@I@Z$2 10027b10 f   ServeSocket.obj
 0001:00026b18       __unwindfunclet$??6?$basic_ostream@DU?$char_traits@D@std@@@std@@QAEAAV01@I@Z$3 10027b18 f   ServeSocket.obj
 0001:00026b20       __ehhandler$??6?$basic_ostream@DU?$char_traits@D@std@@@std@@QAEAAV01@I@Z 10027b20 f   ServeSocket.obj
 0001:00026b40       __unwindfunclet$?SendMsg@CServeSocket@net@@UAE_NIPBXH@Z$0 10027b40 f   ServeSocket.obj
 0001:00026b4b       __ehhandler$?SendMsg@CServeSocket@net@@UAE_NIPBXH@Z 10027b4b f   ServeSocket.obj
 0001:00026b80       __unwindfunclet$?Process@CServeSocket@net@@UAEXXZ$2 10027b80 f   ServeSocket.obj
 0001:00026b8b       __ehhandler$?Process@CServeSocket@net@@UAEXXZ 10027b8b f   ServeSocket.obj
 0001:00026bb0       __ehhandler$?ChgEncryptor@CSocket@net@@QAEXW4ENCRYPTOR_TYPE@2@PAVIEncryptor@2@@Z 10027bb0 f   Socket.obj
 0001:00026bd0       __unwindfunclet$??0CSocket@net@@QAE@IPAVIEncryptor@1@0@Z$0 10027bd0 f   Socket.obj
 0001:00026bde       __unwindfunclet$??0CSocket@net@@QAE@IPAVIEncryptor@1@0@Z$1 10027bde f   Socket.obj
 0001:00026bec       __ehhandler$??0CSocket@net@@QAE@IPAVIEncryptor@1@0@Z 10027bec f   Socket.obj
 0001:00026c10       __unwindfunclet$??1CSocket@net@@UAE@XZ$4 10027c10 f   Socket.obj
 0001:00026c1e       __unwindfunclet$??1CSocket@net@@UAE@XZ$5 10027c1e f   Socket.obj
 0001:00026c2c       __ehhandler$??1CSocket@net@@UAE@XZ 10027c2c f   Socket.obj
 0001:00026c50       __unwindfunclet$??1CHeap@sbase@@QAE@XZ$0 10027c50 f   base:Heap.obj
 0001:00026c5b       __ehhandler$??1CHeap@sbase@@QAE@XZ 10027c5b f   base:Heap.obj
 0001:00026c80       __unwindfunclet$??0CHeap@sbase@@QAE@PBD@Z$0 10027c80 f   base:Heap.obj
 0001:00026c8b       __ehhandler$??0CHeap@sbase@@QAE@PBD@Z 10027c8b f   base:Heap.obj
 0001:00026ca6       __unwindfunclet$?_Xlen@_String_base@std@@SAXXZ$0 10027ca6 f   libcpmt:string.obj
 0001:00026ca6       __unwindfunclet$?_Xran@_String_base@std@@SAXXZ$0 10027ca6 f   libcpmt:string.obj
 0001:00026cae       __ehhandler$?_Xlen@_String_base@std@@SAXXZ 10027cae f   libcpmt:string.obj
 0001:00026cae       __ehhandler$?_Xran@_String_base@std@@SAXXZ 10027cae f   libcpmt:string.obj
 0001:00026cc9       __unwindfunclet$??0?$basic_streambuf@DU?$char_traits@D@std@@@std@@IAE@XZ$0 10027cc9 f   libcpmt:cout.obj
 0001:00026cd4       __ehhandler$??0?$basic_streambuf@DU?$char_traits@D@std@@@std@@IAE@XZ 10027cd4 f   libcpmt:cout.obj
 0001:00026cef       __unwindfunclet$?uflow@?$basic_filebuf@DU?$char_traits@D@std@@@std@@MAEHXZ$0 10027cef f   libcpmt:cout.obj
 0001:00026cf7       __ehhandler$?uflow@?$basic_filebuf@DU?$char_traits@D@std@@@std@@MAEHXZ 10027cf7 f   libcpmt:cout.obj
 0001:00026d1c       __unwindfunclet$?_Endwrite@?$basic_filebuf@DU?$char_traits@D@std@@@std@@IAE_NXZ$0 10027d1c f   libcpmt:cout.obj
 0001:00026d24       __ehhandler$?_Endwrite@?$basic_filebuf@DU?$char_traits@D@std@@@std@@IAE_NXZ 10027d24 f   libcpmt:cout.obj
 0001:00026d49       __unwindfunclet$?overflow@?$basic_filebuf@DU?$char_traits@D@std@@@std@@MAEHH@Z$0 10027d49 f   libcpmt:cout.obj
 0001:00026d51       __ehhandler$?overflow@?$basic_filebuf@DU?$char_traits@D@std@@@std@@MAEHH@Z 10027d51 f   libcpmt:cout.obj
 0001:00026d76       __unwindfunclet$??0?$codecvt@DDH@std@@QAE@I@Z$0 10027d76 f   libcpmt:cout.obj
 0001:00026d76       __unwindfunclet$??0?$ctype@D@std@@QAE@PBF_NI@Z$0 10027d76 f   libcpmt:cout.obj
 0001:00026d81       __ehhandler$??0?$ctype@D@std@@QAE@PBF_NI@Z 10027d81 f   libcpmt:cout.obj
 0001:00026d81       __ehhandler$??0?$codecvt@DDH@std@@QAE@I@Z 10027d81 f   libcpmt:cout.obj
 0001:00026da9       __unwindfunclet$?_Getcat@?$ctype@D@std@@SAIPAPBVfacet@locale@2@@Z$0 10027da9 f   libcpmt:cout.obj
 0001:00026da9       __unwindfunclet$?_Getcat@?$codecvt@DDH@std@@SAIPAPBVfacet@locale@2@@Z$0 10027da9 f   libcpmt:cout.obj
 0001:00026db3       __ehhandler$?_Getcat@?$ctype@D@std@@SAIPAPBVfacet@locale@2@@Z 10027db3 f   libcpmt:cout.obj
 0001:00026db3       __ehhandler$?_Getcat@?$codecvt@DDH@std@@SAIPAPBVfacet@locale@2@@Z 10027db3 f   libcpmt:cout.obj
 0001:00026dce       __unwindfunclet$??1?$basic_filebuf@DU?$char_traits@D@std@@@std@@UAE@XZ$0 10027dce f   libcpmt:cout.obj
 0001:00026dd6       __ehhandler$??1?$basic_filebuf@DU?$char_traits@D@std@@@std@@UAE@XZ 10027dd6 f   libcpmt:cout.obj
 0001:00026df1       __unwindfunclet$?widen@?$basic_ios@DU?$char_traits@D@std@@@std@@QBEDD@Z$0 10027df1 f   libcpmt:cout.obj
 0001:00026df9       __ehhandler$?widen@?$basic_ios@DU?$char_traits@D@std@@@std@@QBEDD@Z 10027df9 f   libcpmt:cout.obj
 0001:00026e14       __unwindfunclet$??$use_facet@V?$ctype@D@std@@@std@@YAABV?$ctype@D@0@ABVlocale@0@@Z$0 10027e14 f   libcpmt:cout.obj
 0001:00026e14       __unwindfunclet$??$use_facet@V?$codecvt@DDH@std@@@std@@YAABV?$codecvt@DDH@0@ABVlocale@0@@Z$0 10027e14 f   libcpmt:cout.obj
 0001:00026e1c       __ehhandler$??$use_facet@V?$ctype@D@std@@@std@@YAABV?$ctype@D@0@ABVlocale@0@@Z 10027e1c f   libcpmt:cout.obj
 0001:00026e1c       __ehhandler$??$use_facet@V?$codecvt@DDH@std@@@std@@YAABV?$codecvt@DDH@0@ABVlocale@0@@Z 10027e1c f   libcpmt:cout.obj
 0001:00026e37       __unwindfunclet$??0?$basic_ostream@DU?$char_traits@D@std@@@std@@QAE@PAV?$basic_streambuf@DU?$char_traits@D@std@@@1@_N@Z$0 10027e37 f   libcpmt:cout.obj
 0001:00026e53       __ehhandler$??0?$basic_ostream@DU?$char_traits@D@std@@@std@@QAE@PAV?$basic_streambuf@DU?$char_traits@D@std@@@1@_N@Z 10027e53 f   libcpmt:cout.obj
 0001:00026e6e       __unwindfunclet$?_Locimp_dtor@_Locimp@locale@std@@CAXPAV123@@Z$0 10027e6e f   libcpmt:locale0.obj
 0001:00026e76       __ehhandler$?_Locimp_dtor@_Locimp@locale@std@@CAXPAV123@@Z 10027e76 f   libcpmt:locale0.obj
 0001:00026e91       __unwindfunclet$??0_Locimp@locale@std@@AAE@_N@Z$0 10027e91 f   libcpmt:locale0.obj
 0001:00026e99       __ehhandler$??0_Locimp@locale@std@@AAE@_N@Z 10027e99 f   libcpmt:locale0.obj
 0001:00026eb4       __unwindfunclet$??1_Locimp@locale@std@@MAE@XZ$0 10027eb4 f   libcpmt:locale0.obj
 0001:00026ebc       __unwindfunclet$??1_Locimp@locale@std@@MAE@XZ$1 10027ebc f   libcpmt:locale0.obj
 0001:00026ec7       __ehhandler$??1_Locimp@locale@std@@MAE@XZ 10027ec7 f   libcpmt:locale0.obj
 0001:00026ee2       __unwindfunclet$?_Init@locale@std@@CAPAV_Locimp@12@XZ$0 10027ee2 f   libcpmt:locale0.obj
 0001:00026eea       __unwindfunclet$?_Init@locale@std@@CAPAV_Locimp@12@XZ$1 10027eea f   libcpmt:locale0.obj
 0001:00026ef4       __ehhandler$?_Init@locale@std@@CAPAV_Locimp@12@XZ 10027ef4 f   libcpmt:locale0.obj
 0001:00026f0f       __ehhandler$?CallUnexpected@@YAXPBU_s_ESTypeList@@@Z 10027f0f f   LIBCMT:frame.obj
 0001:00026f30       ??__E?s_heap@?$TEncryptServer@$0LCJNDMIE@$0MMGCEKNK@@net@@1VCHeap@sbase@@A@@YAXXZ 10027f30 f   NetServeImpl.obj
 0001:00026f50       ??__E?s_heap@CRouterPort@serve@@1VCHeap@sbase@@A@@YAXXZ 10027f50 f   RouterPort.obj
 0001:00026f70       ??__E?s_heap@CSocket@net@@1VCHeap@sbase@@A@@YAXXZ 10027f70 f   Socket.obj
 0001:00026f90       ??__EsetCnStr@sbase@@YAXXZ 10027f90 f   base:SvrBase.obj
 0001:00026fd0       ??__Einitlocks@@YAXXZ      10027fd0 f   libcpmt:cout.obj
 0001:00026fe6       ??__Efout@std@@YAXXZ       10027fe6 f   libcpmt:cout.obj
 0001:00027005       ??__Ecout@std@@YAXXZ       10028005 f   libcpmt:cout.obj
 0001:00027024       ??__Einit_cout@std@@YAXXZ  10028024 f   libcpmt:cout.obj
 0001:0002702e       ??__Einitlocks@std@@YAXXZ  1002802e f   libcpmt:xlock.obj
 0001:00027044       ??__Eclassic_locale@std@@YAXXZ 10028044 f   libcpmt:locale0.obj
 0001:00027050       ??__Einitlocks@std@@YAXXZ  10028050 f   libcpmt:iosptrs.obj
 0001:00027066       ??__Einit_atexit@@YAXXZ    10028066 f   libcpmt:iosptrs.obj
 0001:00027080       ??__F?s_heap@?$TEncryptServer@$0LCJNDMIE@$0MMGCEKNK@@net@@1VCHeap@sbase@@A@@YAXXZ 10028080 f   NetServeImpl.obj
 0001:00027090       ??__F?s_heap@CRouterPort@serve@@1VCHeap@sbase@@A@@YAXXZ 10028090 f   RouterPort.obj
 0001:000270a0       ??__F?s_heap@CSocket@net@@1VCHeap@sbase@@A@@YAXXZ 100280a0 f   Socket.obj
 0001:000270b0       ??__FsetCnStr@sbase@@YAXXZ 100280b0 f   base:SvrBase.obj
 0001:000270f0       ??__Finitlocks@@YAXXZ      100280f0 f   libcpmt:cout.obj
 0001:000270fa       ??__Fcout@std@@YAXXZ       100280fa f   libcpmt:cout.obj
 0001:00027104       ??__Ffout@std@@YAXXZ       10028104 f   libcpmt:cout.obj
 0001:0002710e       ??__Finitlocks@std@@YAXXZ  1002810e f   libcpmt:xlock.obj
 0001:00027118       ??__Fclassic_locale@std@@YAXXZ 10028118 f   libcpmt:locale0.obj
 0001:00027122       ??__Finitlocks@std@@YAXXZ  10028122 f   libcpmt:iosptrs.obj
 0001:0002712c       ??__Finit_atexit@@YAXXZ    1002812c f   libcpmt:iosptrs.obj
 0001:00027136       ??__Fnomem@?5???2@YAPAXI@Z@YAXXZ 10028136 f   LIBCMT:new.obj
